Component: ARM Compiler 5.06 update 6 (build 750) Tool: armlink [4d35ed]

==============================================================================

Section Cross References

    main.o(i.Hardware_Init) refers to misc.o(i.NVIC_PriorityGroupConfig) for NVIC_PriorityGroupConfig
    main.o(i.Hardware_Init) refers to oled.o(i.GB16_NUM) for GB16_NUM
    main.o(i.Hardware_Init) refers to delay.o(i.delay_init) for delay_init
    main.o(i.Hardware_Init) refers to timer.o(i.GENERAL_TIM_Init) for GENERAL_TIM_Init
    main.o(i.Hardware_Init) refers to usart.o(i.Usart1_Init) for Usart1_Init
    main.o(i.Hardware_Init) refers to usart2.o(i.Usart2_Init) for Usart2_Init
    main.o(i.Hardware_Init) refers to led.o(i.System_PB34_setIO) for System_PB34_setIO
    main.o(i.Hardware_Init) refers to led.o(i.LED_Init) for LED_Init
    main.o(i.Hardware_Init) refers to key.o(i.Key_GPIO_Config) for Key_GPIO_Config
    main.o(i.Hardware_Init) refers to oled.o(i.OLED_Init) for OLED_Init
    main.o(i.Hardware_Init) refers to oled.o(i.OLED_ColorTurn) for OLED_ColorTurn
    main.o(i.Hardware_Init) refers to oled.o(i.OLED_DisplayTurn) for OLED_DisplayTurn
    main.o(i.Hardware_Init) refers to oled.o(i.OLED_Clear) for OLED_Clear
    main.o(i.Hardware_Init) refers to motor.o(i.Stepper_GPIOInit) for Stepper_GPIOInit
    main.o(i.Hardware_Init) refers to delay.o(i.delay_ms) for delay_ms
    main.o(i.Hardware_Init) refers to git.o(i.Reset_Threshole_Value) for Reset_Threshole_Value
    main.o(i.Hardware_Init) refers to oled.o(.data) for HZ
    main.o(i.Hardware_Init) refers to git.o(.data) for device_state_init
    main.o(i.SoftWare_Init) refers to task.o(i.timer_init) for timer_init
    main.o(i.SoftWare_Init) refers to task.o(i.timer_start) for timer_start
    main.o(i.SoftWare_Init) refers to main.o(i.task1) for task1
    main.o(i.SoftWare_Init) refers to main.o(.bss) for task1_id
    main.o(i.SoftWare_Init) refers to main.o(i.task2) for task2
    main.o(i.main) refers to main.o(i.SoftWare_Init) for SoftWare_Init
    main.o(i.main) refers to main.o(i.Hardware_Init) for Hardware_Init
    main.o(i.main) refers to stm32f10x_tim.o(i.TIM_Cmd) for TIM_Cmd
    main.o(i.main) refers to task.o(i.timer_loop) for timer_loop
    main.o(i.main) refers to usart2.o(i.Send_Usart2) for Send_Usart2
    main.o(i.main) refers to git.o(i.Check_Key_ON_OFF) for Check_Key_ON_OFF
    main.o(i.main) refers to timer.o(.data) for time25ms
    main.o(i.task1) refers to git.o(i.Automation_Close) for Automation_Close
    main.o(i.task1) refers to git.o(i.Update_oled_massage) for Update_oled_massage
    main.o(i.task2) refers to git.o(i.Read_Data) for Read_Data
    main.o(i.task2) refers to git.o(i.Update_device_massage) for Update_device_massage
    main.o(i.task2) refers to git.o(.bss) for Data_init
    main.o(.data) refers to main.o(.conststring) for .conststring
    system_stm32f10x.o(i.SetSysClock) refers to system_stm32f10x.o(i.SetSysClockTo72) for SetSysClockTo72
    system_stm32f10x.o(i.SystemCoreClockUpdate) refers to system_stm32f10x.o(.data) for SystemCoreClock
    system_stm32f10x.o(i.SystemInit) refers to system_stm32f10x.o(i.SetSysClock) for SetSysClock
    led.o(i.LED_Init) refers to stm32f10x_rcc.o(i.RCC_APB2PeriphClockCmd) for RCC_APB2PeriphClockCmd
    led.o(i.LED_Init) refers to stm32f10x_gpio.o(i.GPIO_Init) for GPIO_Init
    led.o(i.System_PB34_setIO) refers to stm32f10x_rcc.o(i.RCC_APB2PeriphClockCmd) for RCC_APB2PeriphClockCmd
    led.o(i.System_PB34_setIO) refers to stm32f10x_gpio.o(i.GPIO_PinRemapConfig) for GPIO_PinRemapConfig
    key.o(i.KEY_Scan) refers to stm32f10x_gpio.o(i.GPIO_ReadInputDataBit) for GPIO_ReadInputDataBit
    key.o(i.KEY_Scan) refers to key.o(.data) for key_up
    key.o(i.Key_GPIO_Config) refers to stm32f10x_rcc.o(i.RCC_APB2PeriphClockCmd) for RCC_APB2PeriphClockCmd
    key.o(i.Key_GPIO_Config) refers to stm32f10x_gpio.o(i.GPIO_Init) for GPIO_Init
    key.o(i.Key_Scan) refers to stm32f10x_gpio.o(i.GPIO_ReadInputDataBit) for GPIO_ReadInputDataBit
    oled.o(i.GB16_NUM) refers to oled.o(.data) for hz_index
    oled.o(i.OLED_Clear) refers to oled.o(i.OLED_Fill) for OLED_Fill
    oled.o(i.OLED_ClearPoint) refers to oled.o(.bss) for OLED_GRAM
    oled.o(i.OLED_ColorTurn) refers to oled.o(i.OLED_WR_Byte) for OLED_WR_Byte
    oled.o(i.OLED_DisPlay_Off) refers to oled.o(i.OLED_WR_Byte) for OLED_WR_Byte
    oled.o(i.OLED_DisPlay_On) refers to oled.o(i.OLED_WR_Byte) for OLED_WR_Byte
    oled.o(i.OLED_DisplayTurn) refers to oled.o(i.OLED_WR_Byte) for OLED_WR_Byte
    oled.o(i.OLED_DrawCircle) refers to oled.o(i.OLED_DrawPoint) for OLED_DrawPoint
    oled.o(i.OLED_DrawPoint) refers to oled.o(.bss) for OLED_GRAM
    oled.o(i.OLED_Fill) refers to oled.o(i.OLED_WR_Byte) for OLED_WR_Byte
    oled.o(i.OLED_Init) refers to stm32f10x_rcc.o(i.RCC_APB2PeriphClockCmd) for RCC_APB2PeriphClockCmd
    oled.o(i.OLED_Init) refers to stm32f10x_gpio.o(i.GPIO_Init) for GPIO_Init
[...]
    Removing stm32f10x_rcc.o(i.RCC_ClearITPendingBit), (12 bytes).
    Removing stm32f10x_rcc.o(i.RCC_ClockSecuritySystemCmd), (12 bytes).
    Removing stm32f10x_rcc.o(i.RCC_DeInit), (76 bytes).
    Removing stm32f10x_rcc.o(i.RCC_GetFlagStatus), (60 bytes).
    Removing stm32f10x_rcc.o(i.RCC_GetITStatus), (24 bytes).
    Removing stm32f10x_rcc.o(i.RCC_GetSYSCLKSource), (16 bytes).
    Removing stm32f10x_rcc.o(i.RCC_HCLKConfig), (24 bytes).
    Removing stm32f10x_rcc.o(i.RCC_HSEConfig), (76 bytes).
    Removing stm32f10x_rcc.o(i.RCC_HSICmd), (12 bytes).
    Removing stm32f10x_rcc.o(i.RCC_ITConfig), (32 bytes).
    Removing stm32f10x_rcc.o(i.RCC_LSEConfig), (52 bytes).
    Removing stm32f10x_rcc.o(i.RCC_LSICmd), (12 bytes).
    Removing stm32f10x_rcc.o(i.RCC_MCOConfig), (12 bytes).
    Removing stm32f10x_rcc.o(i.RCC_PCLK1Config), (24 bytes).
    Removing stm32f10x_rcc.o(i.RCC_PCLK2Config), (24 bytes).
    Removing stm32f10x_rcc.o(i.RCC_PLLCmd), (12 bytes).
    Removing stm32f10x_rcc.o(i.RCC_PLLConfig), (28 bytes).
    Removing stm32f10x_rcc.o(i.RCC_RTCCLKCmd), (12 bytes).
    Removing stm32f10x_rcc.o(i.RCC_RTCCLKConfig), (16 bytes).
    Removing stm32f10x_rcc.o(i.RCC_SYSCLKConfig), (24 bytes).
    Removing stm32f10x_rcc.o(i.RCC_USBCLKConfig), (12 bytes).
    Removing stm32f10x_rcc.o(i.RCC_WaitForHSEStartUp), (56 bytes).
    Removing stm32f10x_wwdg.o(i.WWDG_ClearFlag), (12 bytes).
    Removing stm32f10x_wwdg.o(i.WWDG_DeInit), (22 bytes).
    Removing stm32f10x_wwdg.o(i.WWDG_Enable), (16 bytes).
    Removing stm32f10x_wwdg.o(i.WWDG_EnableIT), (12 bytes).
    Removing stm32f10x_wwdg.o(i.WWDG_GetFlagStatus), (12 bytes).
    Removing stm32f10x_wwdg.o(i.WWDG_SetCounter), (16 bytes).
    Removing stm32f10x_wwdg.o(i.WWDG_SetPrescaler), (24 bytes).
    Removing stm32f10x_wwdg.o(i.WWDG_SetWindowValue), (40 bytes).
    Removing stm32f10x_dma.o(i.DMA_ClearFlag), (28 bytes).
    Removing stm32f10x_dma.o(i.DMA_ClearITPendingBit), (28 bytes).
    Removing stm32f10x_dma.o(i.DMA_Cmd), (24 bytes).
    Removing stm32f10x_dma.o(i.DMA_DeInit), (332 bytes).
    Removing stm32f10x_dma.o(i.DMA_GetCurrDataCounter), (8 bytes).
    Removing stm32f10x_dma.o(i.DMA_GetFlagStatus), (44 bytes).
    Removing stm32f10x_dma.o(i.DMA_GetITStatus), (44 bytes).
    Removing stm32f10x_dma.o(i.DMA_ITConfig), (18 bytes).
    Removing stm32f10x_dma.o(i.DMA_Init), (60 bytes).
    Removing stm32f10x_dma.o(i.DMA_SetCurrDataCounter), (4 bytes).
    Removing stm32f10x_dma.o(i.DMA_StructInit), (26 bytes).
    Removing cjson.o(i.add_item_to_array), (54 bytes).
    Removing cjson.o(i.add_item_to_object), (122 bytes).
    Removing cjson.o(i.buffer_skip_whitespace), (72 bytes).
    Removing cjson.o(i.cJSON_AddArrayToObject), (48 bytes).
    Removing cjson.o(i.cJSON_AddBoolToObject), (52 bytes).
    Removing cjson.o(i.cJSON_AddFalseToObject), (48 bytes).
    Removing cjson.o(i.cJSON_AddItemReferenceToArray), (36 bytes).
    Removing cjson.o(i.cJSON_AddItemReferenceToObject), (48 bytes).
    Removing cjson.o(i.cJSON_AddItemToArray), (16 bytes).
    Removing cjson.o(i.cJSON_AddItemToObject), (32 bytes).
    Removing cjson.o(i.cJSON_AddItemToObjectCS), (32 bytes).
    Removing cjson.o(i.cJSON_AddNullToObject), (48 bytes).
    Removing cjson.o(i.cJSON_AddNumberToObject), (60 bytes).
    Removing cjson.o(i.cJSON_AddObjectToObject), (48 bytes).
    Removing cjson.o(i.cJSON_AddRawToObject), (52 bytes).
    Removing cjson.o(i.cJSON_AddStringToObject), (52 bytes).
    Removing cjson.o(i.cJSON_AddTrueToObject), (48 bytes).
    Removing cjson.o(i.cJSON_Compare), (384 bytes).
    Removing cjson.o(i.cJSON_CreateArray), (24 bytes).
    Removing cjson.o(i.cJSON_CreateArrayReference), (36 bytes).
    Removing cjson.o(i.cJSON_CreateBool), (32 bytes).
    Removing cjson.o(i.cJSON_CreateDoubleArray), (106 bytes).
    Removing cjson.o(i.cJSON_CreateFalse), (24 bytes).
    Removing cjson.o(i.cJSON_CreateFloatArray), (110 bytes).
    Removing cjson.o(i.cJSON_CreateIntArray), (110 bytes).
    Removing cjson.o(i.cJSON_CreateNull), (24 bytes).
    Removing cjson.o(i.cJSON_CreateNumber), (100 bytes).
    Removing cjson.o(i.cJSON_CreateObject), (24 bytes).
    Removing cjson.o(i.cJSON_CreateObjectReference), (36 bytes).
    Removing cjson.o(i.cJSON_CreateRaw), (52 bytes).
    Removing cjson.o(i.cJSON_CreateString), (52 bytes).
    Removing cjson.o(i.cJSON_CreateStringArray), (100 bytes).
    Removing cjson.o(i.cJSON_CreateStringReference), (36 bytes).
    Removing cjson.o(i.cJSON_CreateTrue), (24 bytes).
    Removing cjson.o(i.cJSON_Delete), (88 bytes).
    Removing cjson.o(i.cJSON_DeleteItemFromArray), (22 bytes).
    Removing cjson.o(i.cJSON_DeleteItemFromObject), (22 bytes).
    Removing cjson.o(i.cJSON_DeleteItemFromObjectCaseSensitive), (22 bytes).
    Removing cjson.o(i.cJSON_DetachItemFromArray), (34 bytes).
    Removing cjson.o(i.cJSON_DetachItemFromObject), (26 bytes).
    Removing cjson.o(i.cJSON_DetachItemFromObjectCaseSensitive), (26 bytes).
    Removing cjson.o(i.cJSON_DetachItemViaPointer), (64 bytes).
    Removing cjson.o(i.cJSON_Duplicate), (192 bytes).
    Removing cjson.o(i.cJSON_GetArrayItem), (24 bytes).
    Removing cjson.o(i.cJSON_GetArraySize), (28 bytes).
    Removing cjson.o(i.cJSON_GetErrorPtr), (16 bytes).
    Removing cjson.o(i.cJSON_GetNumberValue), (28 bytes).
    Removing cjson.o(i.cJSON_GetObjectItem), (18 bytes).
    Removing cjson.o(i.cJSON_GetObjectItemCaseSensitive), (18 bytes).
    Removing cjson.o(i.cJSON_GetStringValue), (20 bytes).
    Removing cjson.o(i.cJSON_HasObjectItem), (24 bytes).
    Removing cjson.o(i.cJSON_InitHooks), (100 bytes).
    Removing cjson.o(i.cJSON_InsertItemInArray), (70 bytes).
    Removing cjson.o(i.cJSON_IsArray), (22 bytes).
    Removing cjson.o(i.cJSON_IsBool), (24 bytes).
    Removing cjson.o(i.cJSON_IsFalse), (20 bytes).
    Removing cjson.o(i.cJSON_IsInvalid), (20 bytes).
    Removing cjson.o(i.cJSON_IsNull), (22 bytes).
    Removing cjson.o(i.cJSON_IsNumber), (22 bytes).
    Removing cjson.o(i.cJSON_IsObject), (22 bytes).
    Removing cjson.o(i.cJSON_IsRaw), (22 bytes).
    Removing cjson.o(i.cJSON_IsString), (22 bytes).
    Removing cjson.o(i.cJSON_IsTrue), (22 bytes).
    Removing cjson.o(i.cJSON_Minify), (154 bytes).
    Removing cjson.o(i.cJSON_New_Item), (26 bytes).
    Removing cjson.o(i.cJSON_Parse), (16 bytes).
    Removing cjson.o(i.cJSON_ParseWithLength), (20 bytes).
    Removing cjson.o(i.cJSON_ParseWithLengthOpts), (212 bytes).
    Removing cjson.o(i.cJSON_ParseWithOpts), (40 bytes).
    Removing cjson.o(i.cJSON_Print), (20 bytes).
    Removing cjson.o(i.cJSON_PrintBuffered), (96 bytes).
    Removing cjson.o(i.cJSON_PrintPreallocated), (68 bytes).
    Removing cjson.o(i.cJSON_PrintUnformatted), (20 bytes).
    Removing cjson.o(i.cJSON_ReplaceItemInArray), (42 bytes).
    Removing cjson.o(i.cJSON_ReplaceItemInObject), (22 bytes).
    Removing cjson.o(i.cJSON_ReplaceItemInObjectCaseSensitive), (22 bytes).
    Removing cjson.o(i.cJSON_ReplaceItemViaPointer), (96 bytes).
    Removing cjson.o(i.cJSON_SetNumberHelper), (84 bytes).
    Removing cjson.o(i.cJSON_SetValuestring), (100 bytes).
    Removing cjson.o(i.cJSON_Version), (40 bytes).
    Removing cjson.o(i.cJSON_free), (20 bytes).
    Removing cjson.o(i.cJSON_malloc), (20 bytes).
    Removing cjson.o(i.cJSON_strdup), (56 bytes).
    Removing cjson.o(i.case_insensitive_strcmp), (72 bytes).
    Removing cjson.o(i.cast_away_const), (2 bytes).
    Removing cjson.o(i.compare_double), (116 bytes).
    Removing cjson.o(i.create_reference), (60 bytes).
    Removing cjson.o(i.ensure), (184 bytes).
    Removing cjson.o(i.get_array_item), (30 bytes).
    Removing cjson.o(i.get_decimal_point), (4 bytes).
    Removing cjson.o(i.get_object_item), (82 bytes).
    Removing cjson.o(i.minify_string), (116 bytes).
    Removing cjson.o(i.parse_array), (248 bytes).
    Removing cjson.o(i.parse_hex4), (90 bytes).
    Removing cjson.o(i.parse_number), (312 bytes).
    Removing cjson.o(i.parse_object), (318 bytes).
    Removing cjson.o(i.parse_string), (396 bytes).
    Removing cjson.o(i.parse_value), (316 bytes).
    Removing cjson.o(i.print), (178 bytes).
    Removing cjson.o(i.print_array), (178 bytes).
    Removing cjson.o(i.print_number), (340 bytes).
    Removing cjson.o(i.print_object), (372 bytes).
    Removing cjson.o(i.print_string), (16 bytes).
    Removing cjson.o(i.print_string_ptr), (372 bytes).
    Removing cjson.o(i.print_value), (260 bytes).
    Removing cjson.o(i.replace_item_in_object), (96 bytes).
    Removing cjson.o(i.skip_multiline_comment), (50 bytes).
    Removing cjson.o(i.skip_oneline_comment), (42 bytes).
    Removing cjson.o(i.skip_utf8_bom), (60 bytes).
    Removing cjson.o(i.suffix_object), (6 bytes).
    Removing cjson.o(i.update_offset), (36 bytes).
    Removing cjson.o(i.utf16_literal_to_utf8), (300 bytes).
    Removing cjson.o(.bss), (15 bytes).
    Removing cjson.o(.data), (20 bytes).
    Removing git.o(i.massage_parse_json), (92 bytes).
    Removing timer.o(.bss), (2048 bytes).
    Removing dflti.o(.text), (34 bytes).
    Removing dfltui.o(.text), (26 bytes).
    Removing dfixi.o(.text), (62 bytes).
    Removing f2d.o(.text), (38 bytes).
    Removing cdcmple.o(.text), (48 bytes).
    Removing dfltul.o(.text), (24 bytes).
    Removing d2f.o(.text), (56 bytes).
    Removing fepilogue.o(.text), (110 bytes).

438 unused section(s) (total 29434 bytes) removed from the image.

==============================================================================

Image Symbol Table

    Local Symbols

    Symbol Name                              Value     Ov Type        Size  Object(Section)

    ../clib/../cmprslib/zerorunl2.c          0x00000000   Number         0  __dczerorl2.o ABSOLUTE
    ../clib/microlib/ctype/ctype.c           0x00000000   Number         0  isxdigit_o.o ABSOLUTE
    ../clib/microlib/ctype/ctype.c           0x00000000   Number         0  isupper_o.o ABSOLUTE
    ../clib/microlib/ctype/ctype.c           0x00000000   Number         0  ctype_c.o ABSOLUTE
    ../clib/microlib/ctype/ctype.c           0x00000000   Number         0  isdigit_o.o ABSOLUTE
    ../clib/microlib/ctype/ctype.c           0x00000000   Number         0  isalnum_o.o ABSOLUTE
    ../clib/microlib/ctype/ctype.c           0x00000000   Number         0  isspace_o.o ABSOLUTE
    ../clib/microlib/ctype/ctype.c           0x00000000   Number         0  ctype_o.o ABSOLUTE
    ../clib/microlib/ctype/ctype.c           0x00000000   Number         0  isspace_c.o ABSOLUTE
    ../clib/microlib/ctype/ctype.c           0x00000000   Number         0  iscntrl_o.o ABSOLUTE
    ../clib/microlib/ctype/ctype.c           0x00000000   Number         0  isblank_o.o ABSOLUTE
    ../clib/microlib/ctype/ctype.c           0x00000000   Number         0  ispunct_o.o ABSOLUTE
    ../clib/microlib/ctype/ctype.c           0x00000000   Number         0  isalpha_o.o ABSOLUTE
    ../clib/microlib/ctype/ctype.c           0x00000000   Number         0  isgraph_o.o ABSOLUTE
    ../clib/microlib/ctype/ctype.c           0x00000000   Number         0  islower_o.o ABSOLUTE
    ../clib/microlib/ctype/ctype.c           0x00000000   Number         0  isprint_o.o ABSOLUTE
    ../clib/microlib/ctype/tolower.c         0x00000000   Number         0  tolower.o ABSOLUTE
    ../clib/microlib/division.c              0x00000000   Number         0  uidiv.o ABSOLUTE
    ../clib/microlib/division.c              0x00000000   Number         0  uldiv.o ABSOLUTE
    ../clib/microlib/errno.c                 0x00000000   Number         0  errno.o ABSOLUTE
    ../clib/microlib/init/entry.s            0x00000000   Number         0  entry7b.o ABSOLUTE
    ../clib/microlib/init/entry.s            0x00000000   Number         0  entry8a.o ABSOLUTE
    ../clib/microlib/init/entry.s            0x00000000   Number         0  entry9a.o ABSOLUTE
    ../clib/microlib/init/entry.s            0x00000000   Number         0  entry9b.o ABSOLUTE
    ../clib/microlib/init/entry.s            0x00000000   Number         0  entry10a.o ABSOLUTE
    ../clib/microlib/init/entry.s            0x00000000   Number         0  entry10b.o ABSOLUTE
    ../clib/microlib/init/entry.s            0x00000000   Number         0  entry11a.o ABSOLUTE
    ../clib/microlib/init/entry.s            0x00000000   Number         0  entry11b.o ABSOLUTE
    ../clib/microlib/init/entry.s            0x00000000   Number         0  entry8b.o ABSOLUTE
    ../clib/microlib/init/entry.s            0x00000000   Number         0  entry.o ABSOLUTE
    ../clib/microlib/init/entry.s            0x00000000   Number         0  entry5.o ABSOLUTE
    ../clib/microlib/init/entry.s            0x00000000   Number         0  entry2.o ABSOLUTE
    ../clib/microlib/init/entry.s            0x00000000   Number         0  entry7a.o ABSOLUTE
    ../clib/microlib/longlong.c              0x00000000   Number         0  llshl.o ABSOLUTE
    ../clib/microlib/longlong.c              0x00000000   Number         0  llsshr.o ABSOLUTE
    ../clib/microlib/longlong.c              0x00000000   Number         0  llushr.o ABSOLUTE
    ../clib/microlib/malloc/malloc.c         0x00000000   Number         0  malloc.o ABSOLUTE
    ../clib/microlib/malloc/malloc.c         0x00000000   Number         0  mallocr.o ABSOLUTE
    ../clib/microlib/malloc/malloc.c         0x00000000   Number         0  malloca.o ABSOLUTE
    ../clib/microlib/malloc/malloc.c         0x00000000   Number         0  mallocra.o ABSOLUTE
    ../clib/microlib/malloc/mvars.c          0x00000000   Number         0  mvars.o ABSOLUTE
    ../clib/microlib/printf/printf.c         0x00000000   Number         0  printf0.o ABSOLUTE
    ../clib/microlib/printf/printf.c         0x00000000   Number         0  printf4.o ABSOLUTE
    ../clib/microlib/printf/printf.c         0x00000000   Number         0  printf5.o ABSOLUTE
    ../clib/microlib/printf/printf.c         0x00000000   Number         0  printf6.o ABSOLUTE
    ../clib/microlib/printf/printf.c         0x00000000   Number         0  printf7.o ABSOLUTE
    ../clib/microlib/printf/printf.c         0x00000000   Number         0  printf8.o ABSOLUTE
    ../clib/microlib/printf/printf.c         0x00000000   Number         0  printfb.o ABSOLUTE
    ../clib/microlib/printf/printf.c         0x00000000   Number         0  printfa.o ABSOLUTE
    ../clib/microlib/printf/printf.c         0x00000000   Number         0  printf2.o ABSOLUTE
    ../clib/microlib/printf/printf.c         0x00000000   Number         0  printf3.o ABSOLUTE
    ../clib/microlib/printf/printf.c         0x00000000   Number         0  printf1.o ABSOLUTE
    ../clib/microlib/printf/stubs.s          0x00000000   Number         0  stubs.o ABSOLUTE
    ../clib/microlib/string/memcpy.c         0x00000000   Number         0  memcpyb.o ABSOLUTE
    ../clib/microlib/string/memcpy.c         0x00000000   Number         0  memcpya.o ABSOLUTE
    ../clib/microlib/string/memset.c         0x00000000   Number         0  memseta.o ABSOLUTE
    ../clib/microlib/string/strchr.c         0x00000000   Number         0  strchr.o ABSOLUTE
    ../clib/microlib/string/strcmp.c         0x00000000   Number         0  strcmp.o ABSOLUTE
    ../clib/microlib/string/strcpy.c         0x00000000   Number         0  strcpy.o ABSOLUTE
    ../clib/microlib/string/strlen.c         0x00000000   Number         0  strlen.o ABSOLUTE
    ../clib/microlib/string/strncmp.c        0x00000000   Number         0  strncmp.o ABSOLUTE
    ../clib/microlib/string/strstr.c         0x00000000   Number         0  strstr.o ABSOLUTE
    ../clib/microlib/stubs.s                 0x00000000   Number         0  iusefp.o ABSOLUTE
    ../clib/microlib/stubs.s                 0x00000000   Number         0  useno.o ABSOLUTE
    ../clib/scanf.c                          0x00000000   Number         0  atoi.o ABSOLUTE
    ../clib/scanf.c                          0x00000000   Number         0  scanf_fp.o ABSOLUTE
    ../clib/scanf.c                          0x00000000   Number         0  _scanf.o ABSOLUTE
    ../clib/scanf.c                          0x00000000   Number         0  _strtoul.o ABSOLUTE
    ../clib/scanf.c                          0x00000000   Number         0  strtol.o ABSOLUTE
    ../clib/scanf.c                          0x00000000   Number         0  _chval.o ABSOLUTE
    ../clib/scanf.c                          0x00000000   Number         0  _sgetc.o ABSOLUTE
    ../clib/scanf.c                          0x00000000   Number         0  strtod.o ABSOLUTE
    ../clib/scanf.c                          0x00000000   Number         0  scanf_char.o ABSOLUTE
    ../clib/scanf.c                          0x00000000   Number         0  __0sscanf.o ABSOLUTE
    ../fplib/microlib/d2f.c                  0x00000000   Number         0  d2f.o ABSOLUTE
    ../fplib/microlib/f2d.c                  0x00000000   Number         0  f2d.o ABSOLUTE
    ../fplib/microlib/fpadd.c                0x00000000   Number         0  dadd.o ABSOLUTE
    ../fplib/microlib/fpdiv.c                0x00000000   Number         0  ddiv.o ABSOLUTE
    ../fplib/microlib/fpepilogue.c           0x00000000   Number         0  fepilogue.o ABSOLUTE
    ../fplib/microlib/fpepilogue.c           0x00000000   Number         0  depilogue.o ABSOLUTE
    ../fplib/microlib/fpfix.c                0x00000000   Number         0  dfixul.o ABSOLUTE
    ../fplib/microlib/fpfix.c                0x00000000   Number         0  dfixi.o ABSOLUTE
    ../fplib/microlib/fpflt.c                0x00000000   Number         0  dfltul.o ABSOLUTE
    ../fplib/microlib/fpflt.c                0x00000000   Number         0  dfltui.o ABSOLUTE
    ../fplib/microlib/fpflt.c                0x00000000   Number         0  dflti.o ABSOLUTE
    ../fplib/microlib/fpmul.c                0x00000000   Number         0  dmul.o ABSOLUTE
    ../mathlib/strtod.c                      0x00000000   Number         0  strtod.o ABSOLUTE
    ..\CORE\core_cm3.c                       0x00000000   Number         0  core_cm3.o ABSOLUTE
    ..\CORE\startup_stm32f10x_hd.s           0x00000000   Number         0  startup_stm32f10x_hd.o ABSOLUTE
    ..\HARDWARE\KEY\key.c                    0x00000000   Number         0  key.o ABSOLUTE
    ..\HARDWARE\LED\led.c                    0x00000000   Number         0  led.o ABSOLUTE
    ..\HARDWARE\MOTOR\motor.c                0x00000000   Number         0  motor.o ABSOLUTE
    ..\HARDWARE\OLED-SPI\oled.c              0x00000000   Number         0  oled.o ABSOLUTE
    ..\HARDWARE\STMFLASH\flash.c             0x00000000   Number         0  flash.o ABSOLUTE
    ..\HARDWARE\USART2\usart2.c              0x00000000   Number         0  usart2.o ABSOLUTE
    ..\NET\Json\cJSON.c                      0x00000000   Number         0  cjson.o ABSOLUTE
    ..\STM32F10x_FWLib\src\misc.c            0x00000000   Number         0  misc.o ABSOLUTE
    ..\STM32F10x_FWLib\src\stm32f10x_adc.c   0x00000000   Number         0  stm32f10x_adc.o ABSOLUTE
    ..\STM32F10x_FWLib\src\stm32f10x_dma.c   0x00000000   Number         0  stm32f10x_dma.o ABSOLUTE
    ..\STM32F10x_FWLib\src\stm32f10x_flash.c 0x00000000   Number         0  stm32f10x_flash.o ABSOLUTE
    ..\STM32F10x_FWLib\src\stm32f10x_gpio.c  0x00000000   Number         0  stm32f10x_gpio.o ABSOLUTE
    ..\STM32F10x_FWLib\src\stm32f10x_iwdg.c  0x00000000   Number         0  stm32f10x_iwdg.o ABSOLUTE
    ..\STM32F10x_FWLib\src\stm32f10x_pwr.c   0x00000000   Number         0  stm32f10x_pwr.o ABSOLUTE
    ..\STM32F10x_FWLib\src\stm32f10x_rcc.c   0x00000000   Number         0  stm32f10x_rcc.o ABSOLUTE
    ..\STM32F10x_FWLib\src\stm32f10x_sdio.c  0x00000000   Number         0  stm32f10x_sdio.o ABSOLUTE
    ..\STM32F10x_FWLib\src\stm32f10x_tim.c   0x00000000   Number         0  stm32f10x_tim.o ABSOLUTE
    ..\STM32F10x_FWLib\src\stm32f10x_usart.c 0x00000000   Number         0  stm32f10x_usart.o ABSOLUTE
    ..\STM32F10x_FWLib\src\stm32f10x_wwdg.c  0x00000000   Number         0  stm32f10x_wwdg.o ABSOLUTE
    ..\SYSTEM\delay\delay.c                  0x00000000   Number         0  delay.o ABSOLUTE
    ..\SYSTEM\sys\sys.c                      0x00000000   Number         0  sys.o ABSOLUTE
    ..\SYSTEM\usart\usart.c                  0x00000000   Number         0  usart.o ABSOLUTE
    ..\TASK\git\git.c                        0x00000000   Number         0  git.o ABSOLUTE
    ..\TASK\task\task.c                      0x00000000   Number         0  task.o ABSOLUTE
    ..\TASK\timer\timer.c                    0x00000000   Number         0  timer.o ABSOLUTE
    ..\\CORE\\core_cm3.c                     0x00000000   Number         0  core_cm3.o ABSOLUTE
    ..\\SYSTEM\\sys\\sys.c                   0x00000000   Number         0  sys.o ABSOLUTE
    cdcmple.s                                0x00000000   Number         0  cdcmple.o ABSOLUTE
    cdrcmple.s                               0x00000000   Number         0  cdrcmple.o ABSOLUTE
    dc.s                                     0x00000000   Number         0  dc.o ABSOLUTE
    handlers.s                               0x00000000   Number         0  handlers.o ABSOLUTE
    init.s                                   0x00000000   Number         0  init.o ABSOLUTE
    main.c                                   0x00000000   Number         0  main.o ABSOLUTE
    stm32f10x_it.c                           0x00000000   Number         0  stm32f10x_it.o ABSOLUTE
    system_stm32f10x.c                       0x00000000   Number         0  system_stm32f10x.o ABSOLUTE
    RESET                                    0x08000000   Section      304  startup_stm32f10x_hd.o(RESET)
    .ARM.Collect$$$$00000000                 0x08000130   Section        0  entry.o(.ARM.Collect$$$$00000000)
    .ARM.Collect$$$$00000001                 0x08000130   Section        4  entry2.o(.ARM.Collect$$$$00000001)
    .ARM.Collect$$$$00000004                 0x08000134   Section        4  entry5.o(.ARM.Collect$$$$00000004)
    .ARM.Collect$$$$00000008                 0x08000138   Section        0  entry7b.o(.ARM.Collect$$$$00000008)
    .ARM.Collect$$$$0000000A                 0x08000138   Section        0  entry8b.o(.ARM.Collect$$$$0000000A)
    .ARM.Collect$$$$0000000B                 0x08000138   Section        8  entry9a.o(.ARM.Collect$$$$0000000B)
    .ARM.Collect$$$$0000000D                 0x08000140   Section        0  entry10a.o(.ARM.Collect$$$$0000000D)
    .ARM.Collect$$$$0000000F                 0x08000140   Section        0  entry11a.o(.ARM.Collect$$$$0000000F)
    .ARM.Collect$$$$00002712                 0x08000140   Section        4  entry2.o(.ARM.Collect$$$$00002712)
    __lit__00000000                          0x08000140   Data           4  entry2.o(.ARM.Collect$$$$00002712)
    .text                                    0x08000144   Section       36  startup_stm32f10x_hd.o(.text)
    .text                                    0x08000168   Section        0  memseta.o(.text)
    .text                                    0x0800018c   Section        0  strstr.o(.text)
    .text                                    0x080001b0   Section        0  strchr.o(.text)
    .text                                    0x080001c4   Section        0  atoi.o(.text)
    .text                                    0x080001de   Section        0  dadd.o(.text)
    .text                                    0x0800032c   Section        0  dmul.o(.text)
    .text                                    0x08000410   Section       48  cdrcmple.o(.text)
    .text                                    0x08000440   Section        0  uidiv.o(.text)
    .text                                    0x0800046c   Section        0  uldiv.o(.text)
    .text                                    0x080004ce   Section        0  llshl.o(.text)
    .text                                    0x080004ec   Section        0  llushr.o(.text)
    .text                                    0x0800050c   Section        0  llsshr.o(.text)
    .text                                    0x08000530   Section        0  strtol.o(.text)
    .text                                    0x080005a0   Section        0  iusefp.o(.text)
    .text                                    0x080005a0   Section        0  depilogue.o(.text)
    .text                                    0x0800065a   Section        0  ddiv.o(.text)
    .text                                    0x08000738   Section        0  dfixul.o(.text)
    .text                                    0x08000768   Section       36  init.o(.text)
    .text                                    0x0800078c   Section        0  ctype_o.o(.text)
    .text                                    0x08000794   Section        0  _strtoul.o(.text)
    .text                                    0x08000832   Section        0  _chval.o(.text)
    .text                                    0x0800084e   Section        0  __dczerorl2.o(.text)
    i.Automation_Close                       0x080008a4   Section        0  git.o(i.Automation_Close)
    i.BusFault_Handler                       0x080008a6   Section        0  stm32f10x_it.o(i.BusFault_Handler)
    i.Check_Key_ON_OFF                       0x080008ac   Section        0  git.o(i.Check_Key_ON_OFF)
    i.DebugMon_Handler                       0x08000a28   Section        0  stm32f10x_it.o(i.DebugMon_Handler)
    i.GB16_NUM                               0x08000a2c   Section        0  oled.o(i.GB16_NUM)
    i.GENERAL_TIMClock_Enable                0x08000a44   Section        0  timer.o(i.GENERAL_TIMClock_Enable)
    GENERAL_TIMClock_Enable                  0x08000a45   Thumb Code    82  timer.o(i.GENERAL_TIMClock_Enable)
    i.GENERAL_TIM_Init                       0x08000a96   Section        0  timer.o(i.GENERAL_TIM_Init)
    i.GENERAL_TIM_Mode_Config                0x08000ab6   Section        0  timer.o(i.GENERAL_TIM_Mode_Config)
    GENERAL_TIM_Mode_Config                  0x08000ab7   Thumb Code   172  timer.o(i.GENERAL_TIM_Mode_Config)
    i.GENERAL_TIM_NVIC_Config                0x08000b62   Section        0  timer.o(i.GENERAL_TIM_NVIC_Config)
    i.GPIO_Init                              0x08000bae   Section        0  stm32f10x_gpio.o(i.GPIO_Init)
    i.GPIO_PinRemapConfig                    0x08000cc4   Section        0  stm32f10x_gpio.o(i.GPIO_PinRemapConfig)
    i.GPIO_ReadInputDataBit                  0x08000d54   Section        0  stm32f10x_gpio.o(i.GPIO_ReadInputDataBit)
    i.GPIO_ResetBits                         0x08000d66   Section        0  stm32f10x_gpio.o(i.GPIO_ResetBits)
    i.GPIO_SetBits                           0x08000d6a   Section        0  stm32f10x_gpio.o(i.GPIO_SetBits)
    i.GPIO_WriteBit                          0x08000d6e   Section        0  stm32f10x_gpio.o(i.GPIO_WriteBit)
    i.HardFault_Handler                      0x08000d78   Section        0  stm32f10x_it.o(i.HardFault_Handler)
    i.Hardware_Init                          0x08000d7c   Section        0  main.o(i.Hardware_Init)
    i.KEY_Scan                               0x08000df8   Section        0  key.o(i.KEY_Scan)
    i.Key_GPIO_Config                        0x08000e8c   Section        0  key.o(i.Key_GPIO_Config)
    i.LED_Init                               0x08000ed8   Section        0  led.o(i.LED_Init)
    i.MemManage_Handler                      0x08000f10   Section        0  stm32f10x_it.o(i.MemManage_Handler)
    i.NMI_Handler                            0x08000f14   Section        0  stm32f10x_it.o(i.NMI_Handler)
    i.NVIC_Configuration                     0x08000f16   Section        0  usart2.o(i.NVIC_Configuration)
    NVIC_Configuration                       0x08000f17   Thumb Code    42  usart2.o(i.NVIC_Configuration)
    i.NVIC_Init                              0x08000f40   Section        0  misc.o(i.NVIC_Init)
    i.NVIC_PriorityGroupConfig               0x08000fb0   Section        0  misc.o(i.NVIC_PriorityGroupConfig)
    i.OLED_Clear                             0x08000fc4   Section        0  oled.o(i.OLED_Clear)
    i.OLED_ColorTurn                         0x08000fce   Section        0  oled.o(i.OLED_ColorTurn)
    i.OLED_DisplayTurn                       0x08000fea   Section        0  oled.o(i.OLED_DisplayTurn)
    i.OLED_Fill                              0x08001016   Section        0  oled.o(i.OLED_Fill)
    i.OLED_Init                              0x08001058   Section        0  oled.o(i.OLED_Init)
    i.OLED_ShowCH                            0x0800119c   Section        0  oled.o(i.OLED_ShowCH)
    i.OLED_WR_BP                             0x080012d4   Section        0  oled.o(i.OLED_WR_BP)
    i.OLED_WR_Byte                           0x08001300   Section        0  oled.o(i.OLED_WR_Byte)
    i.PendSV_Handler                         0x08001374   Section        0  stm32f10x_it.o(i.PendSV_Handler)
    i.RCC_APB1PeriphClockCmd                 0x08001378   Section        0  stm32f10x_rcc.o(i.RCC_APB1PeriphClockCmd)
    i.RCC_APB2PeriphClockCmd                 0x08001398   Section        0  stm32f10x_rcc.o(i.RCC_APB2PeriphClockCmd)
    i.RCC_GetClocksFreq                      0x080013b8   Section        0  stm32f10x_rcc.o(i.RCC_GetClocksFreq)
    i.R_Test                                 0x0800148c   Section        0  flash.o(i.R_Test)
    i.Read_Data                              0x080014b8   Section        0  git.o(i.Read_Data)
    i.Reset_Threshole_Value                  0x080014be   Section        0  git.o(i.Reset_Threshole_Value)
    i.SVC_Handler                            0x080014cc   Section        0  stm32f10x_it.o(i.SVC_Handler)
    i.Send_Usart2                            0x080014d0   Section        0  usart2.o(i.Send_Usart2)
    i.SetSysClock                            0x0800150c   Section        0  system_stm32f10x.o(i.SetSysClock)
    SetSysClock                              0x0800150d   Thumb Code     8  system_stm32f10x.o(i.SetSysClock)
    i.SetSysClockTo72                        0x08001514   Section        0  system_stm32f10x.o(i.SetSysClockTo72)
    SetSysClockTo72                          0x08001515   Thumb Code   214  system_stm32f10x.o(i.SetSysClockTo72)
    i.SoftWare_Init                          0x080015f4   Section        0  main.o(i.SoftWare_Init)
    i.Stepper_GPIOInit                       0x08001630   Section        0  motor.o(i.Stepper_GPIOInit)
    i.Stepper_RotateByStep                   0x08001668   Section        0  motor.o(i.Stepper_RotateByStep)
    i.Stepper_SingleStep                     0x080016c4   Section        0  motor.o(i.Stepper_SingleStep)
    i.Stepper_Stop                           0x08001750   Section        0  motor.o(i.Stepper_Stop)
    i.SysTick_CLKSourceConfig                0x08001764   Section        0  misc.o(i.SysTick_CLKSourceConfig)
    i.SysTick_Handler                        0x0800178c   Section        0  stm32f10x_it.o(i.SysTick_Handler)
    i.SystemInit                             0x08001790   Section        0  system_stm32f10x.o(i.SystemInit)
    i.System_PB34_setIO                      0x080017f0   Section        0  led.o(i.System_PB34_setIO)
    i.System_ReadInteriorFlash               0x0800181c   Section        0  flash.o(i.System_ReadInteriorFlash)
    i.System_WriteInteriorFlash              0x0800185c   Section        0  flash.o(i.System_WriteInteriorFlash)
    i.TIM4_IRQHandler                        0x080019d8   Section        0  timer.o(i.TIM4_IRQHandler)
    i.TIM_ClearFlag                          0x08001a84   Section        0  stm32f10x_tim.o(i.TIM_ClearFlag)
    i.TIM_ClearITPendingBit                  0x08001a8a   Section        0  stm32f10x_tim.o(i.TIM_ClearITPendingBit)
    i.TIM_Cmd                                0x08001a90   Section        0  stm32f10x_tim.o(i.TIM_Cmd)
    i.TIM_GetITStatus                        0x08001aa8   Section        0  stm32f10x_tim.o(i.TIM_GetITStatus)
    i.TIM_ITConfig                           0x08001aca   Section        0  stm32f10x_tim.o(i.TIM_ITConfig)
    i.TIM_TimeBaseInit                       0x08001adc   Section        0  stm32f10x_tim.o(i.TIM_TimeBaseInit)
    i.TimeModule_get                         0x08001b80   Section        0  timer.o(i.TimeModule_get)
    TimeModule_get                           0x08001b81   Thumb Code    14  timer.o(i.TimeModule_get)
    i.USART1_IRQHandler                      0x08001b94   Section        0  usart.o(i.USART1_IRQHandler)
    i.USART2_IRQHandler                      0x08001c1c   Section        0  usart2.o(i.USART2_IRQHandler)
    i.USART_ClearFlag                        0x08001c78   Section        0  stm32f10x_usart.o(i.USART_ClearFlag)
    i.USART_Cmd                              0x08001c8a   Section        0  stm32f10x_usart.o(i.USART_Cmd)
    i.USART_GetITStatus                      0x08001ca2   Section        0  stm32f10x_usart.o(i.USART_GetITStatus)
    i.USART_ITConfig                         0x08001cf6   Section        0  stm32f10x_usart.o(i.USART_ITConfig)
    i.USART_Init                             0x08001d40   Section        0  stm32f10x_usart.o(i.USART_Init)
    i.USART_ReceiveData                      0x08001e18   Section        0  stm32f10x_usart.o(i.USART_ReceiveData)
    i.Uart2_funtction                        0x08001e24   Section        0  usart2.o(i.Uart2_funtction)
    i.Update_device_massage                  0x08001e8c   Section        0  git.o(i.Update_device_massage)
    i.Update_oled_massage                    0x08001f34   Section        0  git.o(i.Update_oled_massage)
    i.UsageFault_Handler                     0x08001f68   Section        0  stm32f10x_it.o(i.UsageFault_Handler)
    i.Usart1_Init                            0x08001f6c   Section        0  usart.o(i.Usart1_Init)
    i.Usart2_Init                            0x0800200c   Section        0  usart2.o(i.Usart2_Init)
    i.W_Test                                 0x080020a0   Section        0  flash.o(i.W_Test)
    i.__0printf                              0x080020cc   Section        0  printfa.o(i.__0printf)
    i.__0sprintf                             0x080020ec   Section        0  printfa.o(i.__0sprintf)
    i.__aeabi_errno_addr                     0x08002114   Section        0  errno.o(i.__aeabi_errno_addr)
    i.__scatterload_copy                     0x0800211c   Section       14  handlers.o(i.__scatterload_copy)
    i.__scatterload_null                     0x0800212a   Section        2  handlers.o(i.__scatterload_null)
    i.__scatterload_zeroinit                 0x0800212c   Section       14  handlers.o(i.__scatterload_zeroinit)
    i._fp_digits                             0x0800213c   Section        0  printfa.o(i._fp_digits)
    _fp_digits                               0x0800213d   Thumb Code   366  printfa.o(i._fp_digits)
    i._printf_core                           0x080022c0   Section        0  printfa.o(i._printf_core)
    _printf_core                             0x080022c1   Thumb Code  1744  printfa.o(i._printf_core)
    i._printf_post_padding                   0x0800299c   Section        0  printfa.o(i._printf_post_padding)
    _printf_post_padding                     0x0800299d   Thumb Code    36  printfa.o(i._printf_post_padding)
    i._printf_pre_padding                    0x080029c0   Section        0  printfa.o(i._printf_pre_padding)
    _printf_pre_padding                      0x080029c1   Thumb Code    46  printfa.o(i._printf_pre_padding)
    i._sputc                                 0x080029ee   Section        0  printfa.o(i._sputc)
    _sputc                                   0x080029ef   Thumb Code    10  printfa.o(i._sputc)
    i.delay_init                             0x080029f8   Section        0  delay.o(i.delay_init)
    i.delay_ms                               0x08002a3c   Section        0  delay.o(i.delay_ms)
    i.fputc                                  0x08002a88   Section        0  usart.o(i.fputc)
    i.main                                   0x08002aa4   Section        0  main.o(i.main)
    i.massage_speak                          0x08002ad8   Section        0  git.o(i.massage_speak)
    i.task1                                  0x08002b30   Section        0  main.o(i.task1)
    i.task2                                  0x08002b3c   Section        0  main.o(i.task2)
    i.timer_init                             0x08002b64   Section        0  task.o(i.timer_init)
    i.timer_loop                             0x08002b84   Section        0  task.o(i.timer_loop)
    i.timer_start                            0x08002bc4   Section        0  task.o(i.timer_start)
    i.timer_stop                             0x08002bf0   Section        0  task.o(i.timer_stop)
    i.timer_ticks                            0x08002c14   Section        0  task.o(i.timer_ticks)
    i.waitForFlashBSY                        0x08002c24   Section        0  flash.o(i.waitForFlashBSY)
    waitForFlashBSY                          0x08002c25   Thumb Code    32  flash.o(i.waitForFlashBSY)
    .constdata                               0x08002c48   Section      129  ctype_o.o(.constdata)
    .constdata                               0x08002ccc   Section        4  ctype_o.o(.constdata)
    table                                    0x08002ccc   Data           4  ctype_o.o(.constdata)
    .data                                    0x20000000   Section       20  system_stm32f10x.o(.data)
    .data                                    0x20000014   Section        1  key.o(.data)
    key_up                                   0x20000014   Data           1  key.o(.data)
    .data                                    0x20000018   Section     2948  oled.o(.data)
    .data                                    0x20000b9c   Section        8  flash.o(.data)
    .data                                    0x20000ba4   Section        1  motor.o(.data)
    .data                                    0x20000ba6   Section        3  usart2.o(.data)
    .data                                    0x20000baa   Section        4  delay.o(.data)
    fac_us                                   0x20000baa   Data           1  delay.o(.data)
    fac_ms                                   0x20000bac   Data           2  delay.o(.data)
    .data                                    0x20000bb0   Section        6  usart.o(.data)
    .data                                    0x20000bb6   Section       20  stm32f10x_rcc.o(.data)
    APBAHBPrescTable                         0x20000bb6   Data          16  stm32f10x_rcc.o(.data)
    ADCPrescTable                            0x20000bc6   Data           4  stm32f10x_rcc.o(.data)
    .data                                    0x20000bca   Section       14  git.o(.data)
    num_on                                   0x20000bd6   Data           1  git.o(.data)
    key_old                                  0x20000bd7   Data           1  git.o(.data)
    .data                                    0x20000bd8   Section        8  task.o(.data)
    head_handle                              0x20000bd8   Data           4  task.o(.data)
    _timer_ticks                             0x20000bdc   Data           4  task.o(.data)
    .data                                    0x20000be0   Section       13  timer.o(.data)
    .data                                    0x20000bf0   Section        4  errno.o(.data)
    _errno                                   0x20000bf0   Data           4  errno.o(.data)
    .bss                                     0x20000bf4   Section     2096  main.o(.bss)
    sectorbufferTemp                         0x20000bf4   Data        2048  main.o(.bss)
    task1_id                                 0x200013f4   Data          16  main.o(.bss)
    task2_id                                 0x20001404   Data          16  main.o(.bss)
    task3_id                                 0x20001414   Data          16  main.o(.bss)
    .bss                                     0x20001424   Section     2048  flash.o(.bss)
    sectorbufferTemp                         0x20001424   Data        2048  flash.o(.bss)
    .bss                                     0x20001c24   Section     2560  usart2.o(.bss)
    sectorbufferTemp                         0x20001c24   Data        2048  usart2.o(.bss)
    .bss                                     0x20002624   Section      200  usart.o(.bss)
    .bss                                     0x200026ec   Section     2068  git.o(.bss)
    sectorbufferTemp                         0x200026ec   Data        2048  git.o(.bss)
    STACK                                    0x20002f00   Section     1024  startup_stm32f10x_hd.o(STACK)

    Global Symbols

    Symbol Name                              Value     Ov Type        Size  Object(Section)

    BuildAttributes$$THM_ISAv4$P$D$K$B$S$PE$A:L22UL41UL21$X:L11$S22US41US21$IEEE1$IW$USESV6$~STKCKD$USESV7$~SHL$OTIME$ROPI$IEEEJ$EBA8$MICROLIB$REQ8$PRES8$EABIv2 0x00000000   Number         0  anon$$obj.o ABSOLUTE
    __ARM_use_no_argv                        0x00000000   Number         0  main.o ABSOLUTE
    __use_no_errno                           0x00000000   Number         0  useno.o ABSOLUTE
    __use_no_exception_handling              0x00000000   Number         0  useno.o ABSOLUTE
    __use_no_fp                              0x00000000   Number         0  useno.o ABSOLUTE
    __use_no_heap                            0x00000000   Number         0  useno.o ABSOLUTE
    __use_no_heap_region                     0x00000000   Number         0  useno.o ABSOLUTE
    __use_no_semihosting                     0x00000000   Number         0  useno.o ABSOLUTE
    __use_no_semihosting_swi                 0x00000000   Number         0  useno.o ABSOLUTE
    __use_no_signal_handling                 0x00000000   Number         0  useno.o ABSOLUTE
    _printf_a                                0x00000000   Number         0  stubs.o ABSOLUTE
    _printf_c                                0x00000000   Number         0  stubs.o ABSOLUTE
    _printf_charcount                        0x00000000   Number         0  stubs.o ABSOLUTE
    _printf_d                                0x00000000   Number         0  stubs.o ABSOLUTE
    _printf_e                                0x00000000   Number         0  stubs.o ABSOLUTE
    _printf_f                                0x00000000   Number         0  stubs.o ABSOLUTE
    _printf_flags                            0x00000000   Number         0  stubs.o ABSOLUTE
    _printf_fp_dec                           0x00000000   Number         0  stubs.o ABSOLUTE
    _printf_fp_hex                           0x00000000   Number         0  stubs.o ABSOLUTE
    _printf_g                                0x00000000   Number         0  stubs.o ABSOLUTE
    _printf_i                                0x00000000   Number         0  stubs.o ABSOLUTE
    _printf_int_dec                          0x00000000   Number         0  stubs.o ABSOLUTE
    _printf_l                                0x00000000   Number         0  stubs.o ABSOLUTE
    _printf_lc                               0x00000000   Number         0  stubs.o ABSOLUTE
    _printf_ll                               0x00000000   Number         0  stubs.o ABSOLUTE
    _printf_lld                              0x00000000   Number         0  stubs.o ABSOLUTE
    _printf_lli                              0x00000000   Number         0  stubs.o ABSOLUTE
    _printf_llo                              0x00000000   Number         0  stubs.o ABSOLUTE
    _printf_llu                              0x00000000   Number         0  stubs.o ABSOLUTE
    _printf_llx                              0x00000000   Number         0  stubs.o ABSOLUTE
    _printf_longlong_dec                     0x00000000   Number         0  stubs.o ABSOLUTE
    _printf_longlong_hex                     0x00000000   Number         0  stubs.o ABSOLUTE
    _printf_longlong_oct                     0x00000000   Number         0  stubs.o ABSOLUTE
    _printf_ls                               0x00000000   Number         0  stubs.o ABSOLUTE
    _printf_mbtowc                           0x00000000   Number         0  stubs.o ABSOLUTE
    _printf_n                                0x00000000   Number         0  stubs.o ABSOLUTE
    _printf_o                                0x00000000   Number         0  stubs.o ABSOLUTE
    _printf_p                                0x00000000   Number         0  stubs.o ABSOLUTE
    _printf_percent                          0x00000000   Number         0  stubs.o ABSOLUTE
    _printf_pre_padding                      0x00000000   Number         0  stubs.o ABSOLUTE
    _printf_return_value                     0x00000000   Number         0  stubs.o ABSOLUTE
    _printf_s                                0x00000000   Number         0  stubs.o ABSOLUTE
    _printf_sizespec                         0x00000000   Number         0  stubs.o ABSOLUTE
    _printf_str                              0x00000000   Number         0  stubs.o ABSOLUTE
    _printf_truncate_signed                  0x00000000   Number         0  stubs.o ABSOLUTE
    _printf_truncate_unsigned                0x00000000   Number         0  stubs.o ABSOLUTE
    _printf_u                                0x00000000   Number         0  stubs.o ABSOLUTE
    _printf_wc                               0x00000000   Number         0  stubs.o ABSOLUTE
    _printf_wctomb                           0x00000000   Number         0  stubs.o ABSOLUTE
    _printf_widthprec                        0x00000000   Number         0  stubs.o ABSOLUTE
    _printf_x                                0x00000000   Number         0  stubs.o ABSOLUTE
    __cpp_initialize__aeabi_                  - Undefined Weak Reference
    __cxa_finalize                            - Undefined Weak Reference
    _clock_init                               - Undefined Weak Reference
    _microlib_exit                            - Undefined Weak Reference
    _scanf_int                                - Undefined Weak Reference
    _scanf_longlong                           - Undefined Weak Reference
    _scanf_string                             - Undefined Weak Reference
    __Vectors_Size                           0x00000130   Number         0  startup_stm32f10x_hd.o ABSOLUTE
    __Vectors                                0x08000000   Data           4  startup_stm32f10x_hd.o(RESET)
    __Vectors_End                            0x08000130   Data           0  startup_stm32f10x_hd.o(RESET)
    __main                                   0x08000131   Thumb Code     0  entry.o(.ARM.Collect$$$$00000000)
    _main_stk                                0x08000131   Thumb Code     0  entry2.o(.ARM.Collect$$$$00000001)
    _main_scatterload                        0x08000135   Thumb Code     0  entry5.o(.ARM.Collect$$$$00000004)
    __main_after_scatterload                 0x08000139   Thumb Code     0  entry5.o(.ARM.Collect$$$$00000004)
    _main_clock                              0x08000139   Thumb Code     0  entry7b.o(.ARM.Collect$$$$00000008)
    _main_cpp_init                           0x08000139   Thumb Code     0  entry8b.o(.ARM.Collect$$$$0000000A)
    _main_init                               0x08000139   Thumb Code     0  entry9a.o(.ARM.Collect$$$$0000000B)
    __rt_final_cpp                           0x08000141   Thumb Code     0  entry10a.o(.ARM.Collect$$$$0000000D)
    __rt_final_exit                          0x08000141   Thumb Code     0  entry11a.o(.ARM.Collect$$$$0000000F)
    Reset_Handler                            0x08000145   Thumb Code     8  startup_stm32f10x_hd.o(.text)
    ADC1_2_IRQHandler                        0x0800015f   Thumb Code     0  startup_stm32f10x_hd.o(.text)
    ADC3_IRQHandler                          0x0800015f   Thumb Code     0  startup_stm32f10x_hd.o(.text)
    CAN1_RX1_IRQHandler                      0x0800015f   Thumb Code     0  startup_stm32f10x_hd.o(.text)
    CAN1_SCE_IRQHandler                      0x0800015f   Thumb Code     0  startup_stm32f10x_hd.o(.text)
    DMA1_Channel1_IRQHandler                 0x0800015f   Thumb Code     0  startup_stm32f10x_hd.o(.text)
    DMA1_Channel2_IRQHandler                 0x0800015f   Thumb Code     0  startup_stm32f10x_hd.o(.text)
    DMA1_Channel3_IRQHandler                 0x0800015f   Thumb Code     0  startup_stm32f10x_hd.o(.text)
    DMA1_Channel4_IRQHandler                 0x0800015f   Thumb Code     0  startup_stm32f10x_hd.o(.text)
    DMA1_Channel5_IRQHandler                 0x0800015f   Thumb Code     0  startup_stm32f10x_hd.o(.text)
    DMA1_Channel6_IRQHandler                 0x0800015f   Thumb Code     0  startup_stm32f10x_hd.o(.text)
    DMA1_Channel7_IRQHandler                 0x0800015f   Thumb Code     0  startup_stm32f10x_hd.o(.text)
    DMA2_Channel1_IRQHandler                 0x0800015f   Thumb Code     0  startup_stm32f10x_hd.o(.text)
    DMA2_Channel2_IRQHandler                 0x0800015f   Thumb Code     0  startup_stm32f10x_hd.o(.text)
    DMA2_Channel3_IRQHandler                 0x0800015f   Thumb Code     0  startup_stm32f10x_hd.o(.text)
    DMA2_Channel4_5_IRQHandler               0x0800015f   Thumb Code     0  startup_stm32f10x_hd.o(.text)
    EXTI0_IRQHandler                         0x0800015f   Thumb Code     0  startup_stm32f10x_hd.o(.text)
    EXTI15_10_IRQHandler                     0x0800015f   Thumb Code     0  startup_stm32f10x_hd.o(.text)
    EXTI1_IRQHandler                         0x0800015f   Thumb Code     0  startup_stm32f10x_hd.o(.text)
    EXTI2_IRQHandler                         0x0800015f   Thumb Code     0  startup_stm32f10x_hd.o(.text)
    EXTI3_IRQHandler                         0x0800015f   Thumb Code     0  startup_stm32f10x_hd.o(.text)
    EXTI4_IRQHandler                         0x0800015f   Thumb Code     0  startup_stm32f10x_hd.o(.text)
    EXTI9_5_IRQHandler                       0x0800015f   Thumb Code     0  startup_stm32f10x_hd.o(.text)
    FLASH_IRQHandler                         0x0800015f   Thumb Code     0  startup_stm32f10x_hd.o(.text)
    FSMC_IRQHandler                          0x0800015f   Thumb Code     0  startup_stm32f10x_hd.o(.text)
    I2C1_ER_IRQHandler                       0x0800015f   Thumb Code     0  startup_stm32f10x_hd.o(.text)
    I2C1_EV_IRQHandler                       0x0800015f   Thumb Code     0  startup_stm32f10x_hd.o(.text)
    I2C2_ER_IRQHandler                       0x0800015f   Thumb Code     0  startup_stm32f10x_hd.o(.text)
    I2C2_EV_IRQHandler                       0x0800015f   Thumb Code     0  startup_stm32f10x_hd.o(.text)
    PVD_IRQHandler                           0x0800015f   Thumb Code     0  startup_stm32f10x_hd.o(.text)
    RCC_IRQHandler                           0x0800015f   Thumb Code     0  startup_stm32f10x_hd.o(.text)
    RTCAlarm_IRQHandler                      0x0800015f   Thumb Code     0  startup_stm32f10x_hd.o(.text)
    RTC_IRQHandler                           0x0800015f   Thumb Code     0  startup_stm32f10x_hd.o(.text)
    SDIO_IRQHandler                          0x0800015f   Thumb Code     0  startup_stm32f10x_hd.o(.text)
    SPI1_IRQHandler                          0x0800015f   Thumb Code     0  startup_stm32f10x_hd.o(.text)
    SPI2_IRQHandler                          0x0800015f   Thumb Code     0  startup_stm32f10x_hd.o(.text)
    SPI3_IRQHandler                          0x0800015f   Thumb Code     0  startup_stm32f10x_hd.o(.text)
    TAMPER_IRQHandler                        0x0800015f   Thumb Code     0  startup_stm32f10x_hd.o(.text)
    TIM1_BRK_IRQHandler                      0x0800015f   Thumb Code     0  startup_stm32f10x_hd.o(.text)
    TIM1_CC_IRQHandler                       0x0800015f   Thumb Code     0  startup_stm32f10x_hd.o(.text)
    TIM1_TRG_COM_IRQHandler                  0x0800015f   Thumb Code     0  startup_stm32f10x_hd.o(.text)
    TIM1_UP_IRQHandler                       0x0800015f   Thumb Code     0  startup_stm32f10x_hd.o(.text)
    TIM2_IRQHandler                          0x0800015f   Thumb Code     0  startup_stm32f10x_hd.o(.text)
    TIM3_IRQHandler                          0x0800015f   Thumb Code     0  startup_stm32f10x_hd.o(.text)
    TIM5_IRQHandler                          0x0800015f   Thumb Code     0  startup_stm32f10x_hd.o(.text)
    TIM6_IRQHandler                          0x0800015f   Thumb Code     0  startup_stm32f10x_hd.o(.text)
    TIM7_IRQHandler                          0x0800015f   Thumb Code     0  startup_stm32f10x_hd.o(.text)
    TIM8_BRK_IRQHandler                      0x0800015f   Thumb Code     0  startup_stm32f10x_hd.o(.text)
    TIM8_CC_IRQHandler                       0x0800015f   Thumb Code     0  startup_stm32f10x_hd.o(.text)
    TIM8_TRG_COM_IRQHandler                  0x0800015f   Thumb Code     0  startup_stm32f10x_hd.o(.text)
    TIM8_UP_IRQHandler                       0x0800015f   Thumb Code     0  startup_stm32f10x_hd.o(.text)
    UART4_IRQHandler                         0x0800015f   Thumb Code     0  startup_stm32f10x_hd.o(.text)
    UART5_IRQHandler                         0x0800015f   Thumb Code     0  startup_stm32f10x_hd.o(.text)
    USART3_IRQHandler                        0x0800015f   Thumb Code     0  startup_stm32f10x_hd.o(.text)
    USBWakeUp_IRQHandler                     0x0800015f   Thumb Code     0  startup_stm32f10x_hd.o(.text)
    USB_HP_CAN1_TX_IRQHandler                0x0800015f   Thumb Code     0  startup_stm32f10x_hd.o(.text)
    USB_LP_CAN1_RX0_IRQHandler               0x0800015f   Thumb Code     0  startup_stm32f10x_hd.o(.text)
    WWDG_IRQHandler                          0x0800015f   Thumb Code     0  startup_stm32f10x_hd.o(.text)
    __aeabi_memset                           0x08000169   Thumb Code    14  memseta.o(.text)
    __aeabi_memset4                          0x08000169   Thumb Code     0  memseta.o(.text)
    __aeabi_memset8                          0x08000169   Thumb Code     0  memseta.o(.text)
    __aeabi_memclr                           0x08000177   Thumb Code     4  memseta.o(.text)
    __aeabi_memclr4                          0x08000177   Thumb Code     0  memseta.o(.text)
    __aeabi_memclr8                          0x08000177   Thumb Code     0  memseta.o(.text)
    _memset$wrapper                          0x0800017b   Thumb Code    18  memseta.o(.text)
    strstr                                   0x0800018d   Thumb Code    36  strstr.o(.text)
    strchr                                   0x080001b1   Thumb Code    20  strchr.o(.text)
    atoi                                     0x080001c5   Thumb Code    26  atoi.o(.text)
    __aeabi_dadd                             0x080001df   Thumb Code   322  dadd.o(.text)
    __aeabi_dsub                             0x08000321   Thumb Code     6  dadd.o(.text)
    __aeabi_drsub                            0x08000327   Thumb Code     6  dadd.o(.text)
    __aeabi_dmul                             0x0800032d   Thumb Code   228  dmul.o(.text)
    __aeabi_cdrcmple                         0x08000411   Thumb Code    48  cdrcmple.o(.text)
    __aeabi_uidiv                            0x08000441   Thumb Code     0  uidiv.o(.text)
    __aeabi_uidivmod                         0x08000441   Thumb Code    44  uidiv.o(.text)
    __aeabi_uldivmod                         0x0800046d   Thumb Code    98  uldiv.o(.text)
    __aeabi_llsl                             0x080004cf   Thumb Code    30  llshl.o(.text)
    _ll_shift_l                              0x080004cf   Thumb Code     0  llshl.o(.text)
    __aeabi_llsr                             0x080004ed   Thumb Code    32  llushr.o(.text)
    _ll_ushift_r                             0x080004ed   Thumb Code     0  llushr.o(.text)
    __aeabi_lasr                             0x0800050d   Thumb Code    36  llsshr.o(.text)
    _ll_sshift_r                             0x0800050d   Thumb Code     0  llsshr.o(.text)
    strtol                                   0x08000531   Thumb Code   112  strtol.o(.text)
    __I$use$fp                               0x080005a1   Thumb Code     0  iusefp.o(.text)
    _double_round                            0x080005a1   Thumb Code    30  depilogue.o(.text)
    _double_epilogue                         0x080005bf   Thumb Code   156  depilogue.o(.text)
    __aeabi_ddiv                             0x0800065b   Thumb Code   222  ddiv.o(.text)
    __aeabi_d2ulz                            0x08000739   Thumb Code    48  dfixul.o(.text)
    __scatterload                            0x08000769   Thumb Code    28  init.o(.text)
    __scatterload_rt2                        0x08000769   Thumb Code     0  init.o(.text)
    __rt_ctype_table                         0x0800078d   Thumb Code     4  ctype_o.o(.text)
    _strtoul                                 0x08000795   Thumb Code   158  _strtoul.o(.text)
    _chval                                   0x08000833   Thumb Code    28  _chval.o(.text)
    __decompress                             0x0800084f   Thumb Code     0  __dczerorl2.o(.text)
    __decompress1                            0x0800084f   Thumb Code    86  __dczerorl2.o(.text)
    Automation_Close                         0x080008a5   Thumb Code     2  git.o(i.Automation_Close)
    BusFault_Handler                         0x080008a7   Thumb Code     4  stm32f10x_it.o(i.BusFault_Handler)
    Check_Key_ON_OFF                         0x080008ad   Thumb Code   292  git.o(i.Check_Key_ON_OFF)
    DebugMon_Handler                         0x08000a29   Thumb Code     2  stm32f10x_it.o(i.DebugMon_Handler)
    GB16_NUM                                 0x08000a2d   Thumb Code    18  oled.o(i.GB16_NUM)
    GENERAL_TIM_Init                         0x08000a97   Thumb Code    32  timer.o(i.GENERAL_TIM_Init)
    GENERAL_TIM_NVIC_Config                  0x08000b63   Thumb Code    76  timer.o(i.GENERAL_TIM_NVIC_Config)
    GPIO_Init                                0x08000baf   Thumb Code   278  stm32f10x_gpio.o(i.GPIO_Init)
    GPIO_PinRemapConfig                      0x08000cc5   Thumb Code   138  stm32f10x_gpio.o(i.GPIO_PinRemapConfig)
    GPIO_ReadInputDataBit                    0x08000d55   Thumb Code    18  stm32f10x_gpio.o(i.GPIO_ReadInputDataBit)
    GPIO_ResetBits                           0x08000d67   Thumb Code     4  stm32f10x_gpio.o(i.GPIO_ResetBits)
    GPIO_SetBits                             0x08000d6b   Thumb Code     4  stm32f10x_gpio.o(i.GPIO_SetBits)
    GPIO_WriteBit                            0x08000d6f   Thumb Code    10  stm32f10x_gpio.o(i.GPIO_WriteBit)
    HardFault_Handler                        0x08000d79   Thumb Code     4  stm32f10x_it.o(i.HardFault_Handler)
    Hardware_Init                            0x08000d7d   Thumb Code   110  main.o(i.Hardware_Init)
    KEY_Scan                                 0x08000df9   Thumb Code   140  key.o(i.KEY_Scan)
    Key_GPIO_Config                          0x08000e8d   Thumb Code    72  key.o(i.Key_GPIO_Config)
    LED_Init                                 0x08000ed9   Thumb Code    46  led.o(i.LED_Init)
    MemManage_Handler                        0x08000f11   Thumb Code     4  stm32f10x_it.o(i.MemManage_Handler)
    NMI_Handler                              0x08000f15   Thumb Code     2  stm32f10x_it.o(i.NMI_Handler)
    NVIC_Init                                0x08000f41   Thumb Code   100  misc.o(i.NVIC_Init)
    NVIC_PriorityGroupConfig                 0x08000fb1   Thumb Code    10  misc.o(i.NVIC_PriorityGroupConfig)
    OLED_Clear                               0x08000fc5   Thumb Code    10  oled.o(i.OLED_Clear)
    OLED_ColorTurn                           0x08000fcf   Thumb Code    28  oled.o(i.OLED_ColorTurn)
    OLED_DisplayTurn                         0x08000feb   Thumb Code    44  oled.o(i.OLED_DisplayTurn)
    OLED_Fill                                0x08001017   Thumb Code    66  oled.o(i.OLED_Fill)
    OLED_Init                                0x08001059   Thumb Code   316  oled.o(i.OLED_Init)
    OLED_ShowCH                              0x0800119d   Thumb Code   292  oled.o(i.OLED_ShowCH)
    OLED_WR_BP                               0x080012d5   Thumb Code    42  oled.o(i.OLED_WR_BP)
    OLED_WR_Byte                             0x08001301   Thumb Code   108  oled.o(i.OLED_WR_Byte)
    PendSV_Handler                           0x08001375   Thumb Code     2  stm32f10x_it.o(i.PendSV_Handler)
    RCC_APB1PeriphClockCmd                   0x08001379   Thumb Code    26  stm32f10x_rcc.o(i.RCC_APB1PeriphClockCmd)
    RCC_APB2PeriphClockCmd                   0x08001399   Thumb Code    26  stm32f10x_rcc.o(i.RCC_APB2PeriphClockCmd)
    RCC_GetClocksFreq                        0x080013b9   Thumb Code   192  stm32f10x_rcc.o(i.RCC_GetClocksFreq)
    R_Test                                   0x0800148d   Thumb Code    28  flash.o(i.R_Test)
    Read_Data                                0x080014b9   Thumb Code     6  git.o(i.Read_Data)
    Reset_Threshole_Value                    0x080014bf   Thumb Code    14  git.o(i.Reset_Threshole_Value)
    SVC_Handler                              0x080014cd   Thumb Code     2  stm32f10x_it.o(i.SVC_Handler)
    Send_Usart2                              0x080014d1   Thumb Code    42  usart2.o(i.Send_Usart2)
    SoftWare_Init                            0x080015f5   Thumb Code    42  main.o(i.SoftWare_Init)
    Stepper_GPIOInit                         0x08001631   Thumb Code    50  motor.o(i.Stepper_GPIOInit)
    Stepper_RotateByStep                     0x08001669   Thumb Code    88  motor.o(i.Stepper_RotateByStep)
    Stepper_SingleStep                       0x080016c5   Thumb Code   134  motor.o(i.Stepper_SingleStep)
    Stepper_Stop                             0x08001751   Thumb Code    14  motor.o(i.Stepper_Stop)
    SysTick_CLKSourceConfig                  0x08001765   Thumb Code    40  misc.o(i.SysTick_CLKSourceConfig)
    SysTick_Handler                          0x0800178d   Thumb Code     2  stm32f10x_it.o(i.SysTick_Handler)
    SystemInit                               0x08001791   Thumb Code    78  system_stm32f10x.o(i.SystemInit)
    System_PB34_setIO                        0x080017f1   Thumb Code    36  led.o(i.System_PB34_setIO)
    System_ReadInteriorFlash                 0x0800181d   Thumb Code    58  flash.o(i.System_ReadInteriorFlash)
    System_WriteInteriorFlash                0x0800185d   Thumb Code   354  flash.o(i.System_WriteInteriorFlash)
    TIM4_IRQHandler                          0x080019d9   Thumb Code   148  timer.o(i.TIM4_IRQHandler)
    TIM_ClearFlag                            0x08001a85   Thumb Code     6  stm32f10x_tim.o(i.TIM_ClearFlag)
    TIM_ClearITPendingBit                    0x08001a8b   Thumb Code     6  stm32f10x_tim.o(i.TIM_ClearITPendingBit)
    TIM_Cmd                                  0x08001a91   Thumb Code    24  stm32f10x_tim.o(i.TIM_Cmd)
    TIM_GetITStatus                          0x08001aa9   Thumb Code    34  stm32f10x_tim.o(i.TIM_GetITStatus)
    TIM_ITConfig                             0x08001acb   Thumb Code    18  stm32f10x_tim.o(i.TIM_ITConfig)
    TIM_TimeBaseInit                         0x08001add   Thumb Code   122  stm32f10x_tim.o(i.TIM_TimeBaseInit)
    USART1_IRQHandler                        0x08001b95   Thumb Code   122  usart.o(i.USART1_IRQHandler)
    USART2_IRQHandler                        0x08001c1d   Thumb Code    70  usart2.o(i.USART2_IRQHandler)
    USART_ClearFlag                          0x08001c79   Thumb Code    18  stm32f10x_usart.o(i.USART_ClearFlag)
    USART_Cmd                                0x08001c8b   Thumb Code    24  stm32f10x_usart.o(i.USART_Cmd)
    USART_GetITStatus                        0x08001ca3   Thumb Code    84  stm32f10x_usart.o(i.USART_GetITStatus)
    USART_ITConfig                           0x08001cf7   Thumb Code    74  stm32f10x_usart.o(i.USART_ITConfig)
    USART_Init                               0x08001d41   Thumb Code   210  stm32f10x_usart.o(i.USART_Init)
    USART_ReceiveData                        0x08001e19   Thumb Code    10  stm32f10x_usart.o(i.USART_ReceiveData)
    Uart2_funtction                          0x08001e25   Thumb Code    64  usart2.o(i.Uart2_funtction)
    Update_device_massage                    0x08001e8d   Thumb Code   158  git.o(i.Update_device_massage)
    Update_oled_massage                      0x08001f35   Thumb Code    32  git.o(i.Update_oled_massage)
    UsageFault_Handler                       0x08001f69   Thumb Code     4  stm32f10x_it.o(i.UsageFault_Handler)
    Usart1_Init                              0x08001f6d   Thumb Code   152  usart.o(i.Usart1_Init)
    Usart2_Init                              0x0800200d   Thumb Code   138  usart2.o(i.Usart2_Init)
    W_Test                                   0x080020a1   Thumb Code    28  flash.o(i.W_Test)
    __0printf                                0x080020cd   Thumb Code    22  printfa.o(i.__0printf)
    __1printf                                0x080020cd   Thumb Code     0  printfa.o(i.__0printf)
    __2printf                                0x080020cd   Thumb Code     0  printfa.o(i.__0printf)
    __c89printf                              0x080020cd   Thumb Code     0  printfa.o(i.__0printf)
    printf                                   0x080020cd   Thumb Code     0  printfa.o(i.__0printf)
    __0sprintf                               0x080020ed   Thumb Code    34  printfa.o(i.__0sprintf)
    __1sprintf                               0x080020ed   Thumb Code     0  printfa.o(i.__0sprintf)
    __2sprintf                               0x080020ed   Thumb Code     0  printfa.o(i.__0sprintf)
    __c89sprintf                             0x080020ed   Thumb Code     0  printfa.o(i.__0sprintf)
    sprintf                                  0x080020ed   Thumb Code     0  printfa.o(i.__0sprintf)
    __aeabi_errno_addr                       0x08002115   Thumb Code     4  errno.o(i.__aeabi_errno_addr)
    __rt_errno_addr                          0x08002115   Thumb Code     0  errno.o(i.__aeabi_errno_addr)
    __scatterload_copy                       0x0800211d   Thumb Code    14  handlers.o(i.__scatterload_copy)
    __scatterload_null                       0x0800212b   Thumb Code     2  handlers.o(i.__scatterload_null)
    __scatterload_zeroinit                   0x0800212d   Thumb Code    14  handlers.o(i.__scatterload_zeroinit)
    delay_init                               0x080029f9   Thumb Code    50  delay.o(i.delay_init)
    delay_ms                                 0x08002a3d   Thumb Code    72  delay.o(i.delay_ms)
    fputc                                    0x08002a89   Thumb Code    24  usart.o(i.fputc)
    main                                     0x08002aa5   Thumb Code    44  main.o(i.main)
    massage_speak                            0x08002ad9   Thumb Code    80  git.o(i.massage_speak)
    task1                                    0x08002b31   Thumb Code    12  main.o(i.task1)
    task2                                    0x08002b3d   Thumb Code    26  main.o(i.task2)
    timer_init                               0x08002b65   Thumb Code    28  task.o(i.timer_init)
    timer_loop                               0x08002b85   Thumb Code    54  task.o(i.timer_loop)
    timer_start                              0x08002bc5   Thumb Code    38  task.o(i.timer_start)
    timer_stop                               0x08002bf1   Thumb Code    32  task.o(i.timer_stop)
    timer_ticks                              0x08002c15   Thumb Code    12  task.o(i.timer_ticks)
    __ctype_table                            0x08002c48   Data         129  ctype_o.o(.constdata)
    Region$$Table$$Base                      0x08002cd0   Number         0  anon$$obj.o(Region$$Table)
    Region$$Table$$Limit                     0x08002cf0   Number         0  anon$$obj.o(Region$$Table)
    SystemCoreClock                          0x20000000   Data           4  system_stm32f10x.o(.data)
    AHBPrescTable                            0x20000004   Data          16  system_stm32f10x.o(.data)
    zf                                       0x20000018   Data        1520  oled.o(.data)
    hz                                       0x20000608   Data        1248  oled.o(.data)
    hz_index                                 0x20000ae8   Data          79  oled.o(.data)
    zf_index                                 0x20000b37   Data          96  oled.o(.data)
    HZ                                       0x20000b98   Data           4  oled.o(.data)
    addrShort1                               0x20000b9c   Data           4  flash.o(.data)
    addrShort2                               0x20000ba0   Data           4  flash.o(.data)
    STEP                                     0x20000ba4   Data           1  motor.o(.data)
    Uart2_RecvCount                          0x20000ba6   Data           2  usart2.o(.data)
    Uart2_EnterRecvFlg                       0x20000ba8   Data           1  usart2.o(.data)
    __stdout                                 0x20000bb0   Data           4  usart.o(.data)
    USART_RX_STA                             0x20000bb4   Data           2  usart.o(.data)
    threshold_value_init                     0x20000bca   Data           8  git.o(.data)
    device_state_init                        0x20000bd2   Data           4  git.o(.data)
    time_4                                   0x20000be0   Data           4  timer.o(.data)
    time25ms                                 0x20000be4   Data           1  timer.o(.data)
    Usart2_Time                              0x20000be6   Data           2  timer.o(.data)
    TimeCount1ms                             0x20000be8   Data           4  timer.o(.data)
    bTimeout10ms                             0x20000bec   Data           1  timer.o(.data)
    USART2_RX_BUF                            0x20002424   Data         256  usart2.o(.bss)
    USART2_TX_BUF                            0x20002524   Data         256  usart2.o(.bss)
    USART_RX_BUF                             0x20002624   Data         200  usart.o(.bss)
    Data_init                                0x20002eec   Data          20  git.o(.bss)
    __initial_sp                             0x20003300   Data           0  startup_stm32f10x_hd.o(STACK)



==============================================================================

Memory Map of the image

  Image Entry point : 0x08000145

  Load Region LR_1 (Base: 0x08000000, Size: 0x000038e4, Max: 0xffffffff, ABSOLUTE, COMPRESSED[0x000034e8])

    Execution Region ER_RO (Exec base: 0x08000000, Load base: 0x08000000, Size: 0x00002cf0, Max: 0xffffffff, ABSOLUTE)

    Exec Addr    Load Addr    Size         Type   Attr      Idx    E Section Name        Object

    0x08000000   0x08000000   0x00000130   Data   RO          803    RESET               startup_stm32f10x_hd.o
    0x08000130   0x08000130   0x00000000   Code   RO         3532  * .ARM.Collect$$$$00000000  mc_w.l(entry.o)
    0x08000130   0x08000130   0x00000004   Code   RO         3868    .ARM.Collect$$$$00000001  mc_w.l(entry2.o)
    0x08000134   0x08000134   0x00000004   Code   RO         3871    .ARM.Collect$$$$00000004  mc_w.l(entry5.o)
    0x08000138   0x08000138   0x00000000   Code   RO         3873    .ARM.Collect$$$$00000008  mc_w.l(entry7b.o)
    0x08000138   0x08000138   0x00000000   Code   RO         3875    .ARM.Collect$$$$0000000A  mc_w.l(entry8b.o)
    0x08000138   0x08000138   0x00000008   Code   RO         3876    .ARM.Collect$$$$0000000B  mc_w.l(entry9a.o)
    0x08000140   0x08000140   0x00000000   Code   RO         3878    .ARM.Collect$$$$0000000D  mc_w.l(entry10a.o)
    0x08000140   0x08000140   0x00000000   Code   RO         3880    .ARM.Collect$$$$0000000F  mc_w.l(entry11a.o)
    0x08000140   0x08000140   0x00000004   Code   RO         3869    .ARM.Collect$$$$00002712  mc_w.l(entry2.o)
    0x08000144   0x08000144   0x00000024   Code   RO          804  * .text               startup_stm32f10x_hd.o
    0x08000168   0x08000168   0x00000024   Code   RO         3539    .text               mc_w.l(memseta.o)
    0x0800018c   0x0800018c   0x00000024   Code   RO         3541    .text               mc_w.l(strstr.o)
    0x080001b0   0x080001b0   0x00000014   Code   RO         3543    .text               mc_w.l(strchr.o)
    0x080001c4   0x080001c4   0x0000001a   Code   RO         3850    .text               mc_w.l(atoi.o)
    0x080001de   0x080001de   0x0000014e   Code   RO         3852    .text               mf_w.l(dadd.o)
    0x0800032c   0x0800032c   0x000000e4   Code   RO         3854    .text               mf_w.l(dmul.o)
    0x08000410   0x08000410   0x00000030   Code   RO         3866    .text               mf_w.l(cdrcmple.o)
    0x08000440   0x08000440   0x0000002c   Code   RO         3882    .text               mc_w.l(uidiv.o)
    0x0800046c   0x0800046c   0x00000062   Code   RO         3884    .text               mc_w.l(uldiv.o)
    0x080004ce   0x080004ce   0x0000001e   Code   RO         3886    .text               mc_w.l(llshl.o)
    0x080004ec   0x080004ec   0x00000020   Code   RO         3888    .text               mc_w.l(llushr.o)
    0x0800050c   0x0800050c   0x00000024   Code   RO         3890    .text               mc_w.l(llsshr.o)
    0x08000530   0x08000530   0x00000070   Code   RO         3907    .text               mc_w.l(strtol.o)
    0x080005a0   0x080005a0   0x00000000   Code   RO         3909    .text               mc_w.l(iusefp.o)
    0x080005a0   0x080005a0   0x000000ba   Code   RO         3910    .text               mf_w.l(depilogue.o)
    0x0800065a   0x0800065a   0x000000de   Code   RO         3912    .text               mf_w.l(ddiv.o)
    0x08000738   0x08000738   0x00000030   Code   RO         3916    .text               mf_w.l(dfixul.o)
    0x08000768   0x08000768   0x00000024   Code   RO         3920    .text               mc_w.l(init.o)
    0x0800078c   0x0800078c   0x00000008   Code   RO         3924    .text               mc_w.l(ctype_o.o)
    0x08000794   0x08000794   0x0000009e   Code   RO         3954    .text               mc_w.l(_strtoul.o)
    0x08000832   0x08000832   0x0000001c   Code   RO         3961    .text               mc_w.l(_chval.o)
    0x0800084e   0x0800084e   0x00000056   Code   RO         3971    .text               mc_w.l(__dczerorl2.o)
    0x080008a4   0x080008a4   0x00000002   Code   RO         3372    i.Automation_Close  git.o
    0x080008a6   0x080008a6   0x00000004   Code   RO          199    i.BusFault_Handler  stm32f10x_it.o
    0x080008aa   0x080008aa   0x00000002   PAD
    0x080008ac   0x080008ac   0x0000017c   Code   RO         3373    i.Check_Key_ON_OFF  git.o
    0x08000a28   0x08000a28   0x00000002   Code   RO          200    i.DebugMon_Handler  stm32f10x_it.o
    0x08000a2a   0x08000a2a   0x00000002   PAD
    0x08000a2c   0x08000a2c   0x00000018   Code   RO          367    i.GB16_NUM          oled.o
    0x08000a44   0x08000a44   0x00000052   Code   RO         3475    i.GENERAL_TIMClock_Enable  timer.o
    0x08000a96   0x08000a96   0x00000020   Code   RO         3476    i.GENERAL_TIM_Init  timer.o
    0x08000ab6   0x08000ab6   0x000000ac   Code   RO         3477    i.GENERAL_TIM_Mode_Config  timer.o
    0x08000b62   0x08000b62   0x0000004c   Code   RO         3478    i.GENERAL_TIM_NVIC_Config  timer.o
    0x08000bae   0x08000bae   0x00000116   Code   RO          850    i.GPIO_Init         stm32f10x_gpio.o
    0x08000cc4   0x08000cc4   0x00000090   Code   RO          852    i.GPIO_PinRemapConfig  stm32f10x_gpio.o
    0x08000d54   0x08000d54   0x00000012   Code   RO          854    i.GPIO_ReadInputDataBit  stm32f10x_gpio.o
    0x08000d66   0x08000d66   0x00000004   Code   RO          857    i.GPIO_ResetBits    stm32f10x_gpio.o
    0x08000d6a   0x08000d6a   0x00000004   Code   RO          858    i.GPIO_SetBits      stm32f10x_gpio.o
    0x08000d6e   0x08000d6e   0x0000000a   Code   RO          861    i.GPIO_WriteBit     stm32f10x_gpio.o
    0x08000d78   0x08000d78   0x00000004   Code   RO          201    i.HardFault_Handler  stm32f10x_it.o
    0x08000d7c   0x08000d7c   0x0000007c   Code   RO            1    i.Hardware_Init     main.o
    0x08000df8   0x08000df8   0x00000094   Code   RO          342    i.KEY_Scan          key.o
    0x08000e8c   0x08000e8c   0x0000004c   Code   RO          343    i.Key_GPIO_Config   key.o
    0x08000ed8   0x08000ed8   0x00000038   Code   RO          322    i.LED_Init          led.o
    0x08000f10   0x08000f10   0x00000004   Code   RO          202    i.MemManage_Handler  stm32f10x_it.o
    0x08000f14   0x08000f14   0x00000002   Code   RO          203    i.NMI_Handler       stm32f10x_it.o
    0x08000f16   0x08000f16   0x0000002a   Code   RO          596    i.NVIC_Configuration  usart2.o
    0x08000f40   0x08000f40   0x00000070   Code   RO          808    i.NVIC_Init         misc.o
    0x08000fb0   0x08000fb0   0x00000014   Code   RO          809    i.NVIC_PriorityGroupConfig  misc.o
    0x08000fc4   0x08000fc4   0x0000000a   Code   RO          368    i.OLED_Clear        oled.o
    0x08000fce   0x08000fce   0x0000001c   Code   RO          370    i.OLED_ColorTurn    oled.o
    0x08000fea   0x08000fea   0x0000002c   Code   RO          373    i.OLED_DisplayTurn  oled.o
    0x08001016   0x08001016   0x00000042   Code   RO          376    i.OLED_Fill         oled.o
    0x08001058   0x08001058   0x00000144   Code   RO          377    i.OLED_Init         oled.o
    0x0800119c   0x0800119c   0x00000138   Code   RO          379    i.OLED_ShowCH       oled.o
    0x080012d4   0x080012d4   0x0000002a   Code   RO          383    i.OLED_WR_BP        oled.o
    0x080012fe   0x080012fe   0x00000002   PAD
    0x08001300   0x08001300   0x00000074   Code   RO          384    i.OLED_WR_Byte      oled.o
    0x08001374   0x08001374   0x00000002   Code   RO          204    i.PendSV_Handler    stm32f10x_it.o
    0x08001376   0x08001376   0x00000002   PAD
    0x08001378   0x08001378   0x00000020   Code   RO         2372    i.RCC_APB1PeriphClockCmd  stm32f10x_rcc.o
    0x08001398   0x08001398   0x00000020   Code   RO         2374    i.RCC_APB2PeriphClockCmd  stm32f10x_rcc.o
    0x080013b8   0x080013b8   0x000000d4   Code   RO         2382    i.RCC_GetClocksFreq  stm32f10x_rcc.o
    0x0800148c   0x0800148c   0x0000002c   Code   RO          497    i.R_Test            flash.o
    0x080014b8   0x080014b8   0x00000006   Code   RO         3374    i.Read_Data         git.o
    0x080014be   0x080014be   0x0000000e   Code   RO         3375    i.Reset_Threshole_Value  git.o
    0x080014cc   0x080014cc   0x00000002   Code   RO          205    i.SVC_Handler       stm32f10x_it.o
    0x080014ce   0x080014ce   0x00000002   PAD
    0x080014d0   0x080014d0   0x0000003c   Code   RO          597    i.Send_Usart2       usart2.o
    0x0800150c   0x0800150c   0x00000008   Code   RO          288    i.SetSysClock       system_stm32f10x.o
    0x08001514   0x08001514   0x000000e0   Code   RO          289    i.SetSysClockTo72   system_stm32f10x.o
    0x080015f4   0x080015f4   0x0000003c   Code   RO            3    i.SoftWare_Init     main.o
    0x08001630   0x08001630   0x00000038   Code   RO          547    i.Stepper_GPIOInit  motor.o
    0x08001668   0x08001668   0x0000005c   Code   RO          549    i.Stepper_RotateByStep  motor.o
    0x080016c4   0x080016c4   0x0000008c   Code   RO          550    i.Stepper_SingleStep  motor.o
    0x08001750   0x08001750   0x00000014   Code   RO          551    i.Stepper_Stop      motor.o
    0x08001764   0x08001764   0x00000028   Code   RO          812    i.SysTick_CLKSourceConfig  misc.o
    0x0800178c   0x0800178c   0x00000002   Code   RO          206    i.SysTick_Handler   stm32f10x_it.o
    0x0800178e   0x0800178e   0x00000002   PAD
    0x08001790   0x08001790   0x00000060   Code   RO          291    i.SystemInit        system_stm32f10x.o
    0x080017f0   0x080017f0   0x0000002c   Code   RO          323    i.System_PB34_setIO  led.o
    0x0800181c   0x0800181c   0x00000040   Code   RO          498    i.System_ReadInteriorFlash  flash.o
    0x0800185c   0x0800185c   0x0000017c   Code   RO          499    i.System_WriteInteriorFlash  flash.o
    0x080019d8   0x080019d8   0x000000ac   Code   RO         3479    i.TIM4_IRQHandler   timer.o
    0x08001a84   0x08001a84   0x00000006   Code   RO         1322    i.TIM_ClearFlag     stm32f10x_tim.o
    0x08001a8a   0x08001a8a   0x00000006   Code   RO         1323    i.TIM_ClearITPendingBit  stm32f10x_tim.o
    0x08001a90   0x08001a90   0x00000018   Code   RO         1328    i.TIM_Cmd           stm32f10x_tim.o
    0x08001aa8   0x08001aa8   0x00000022   Code   RO         1349    i.TIM_GetITStatus   stm32f10x_tim.o
    0x08001aca   0x08001aca   0x00000012   Code   RO         1353    i.TIM_ITConfig      stm32f10x_tim.o
    0x08001adc   0x08001adc   0x000000a4   Code   RO         1399    i.TIM_TimeBaseInit  stm32f10x_tim.o
    0x08001b80   0x08001b80   0x00000014   Code   RO         3480    i.TimeModule_get    timer.o
    0x08001b94   0x08001b94   0x00000088   Code   RO          726    i.USART1_IRQHandler  usart.o
    0x08001c1c   0x08001c1c   0x0000005c   Code   RO          598    i.USART2_IRQHandler  usart2.o
    0x08001c78   0x08001c78   0x00000012   Code   RO          958    i.USART_ClearFlag   stm32f10x_usart.o
    0x08001c8a   0x08001c8a   0x00000018   Code   RO          962    i.USART_Cmd         stm32f10x_usart.o
    0x08001ca2   0x08001ca2   0x00000054   Code   RO          966    i.USART_GetITStatus  stm32f10x_usart.o
    0x08001cf6   0x08001cf6   0x0000004a   Code   RO          968    i.USART_ITConfig    stm32f10x_usart.o
    0x08001d40   0x08001d40   0x000000d8   Code   RO          969    i.USART_Init        stm32f10x_usart.o
    0x08001e18   0x08001e18   0x0000000a   Code   RO          976    i.USART_ReceiveData  stm32f10x_usart.o
    0x08001e22   0x08001e22   0x00000002   PAD
    0x08001e24   0x08001e24   0x00000068   Code   RO          599    i.Uart2_funtction   usart2.o
    0x08001e8c   0x08001e8c   0x000000a8   Code   RO         3376    i.Update_device_massage  git.o
    0x08001f34   0x08001f34   0x00000034   Code   RO         3377    i.Update_oled_massage  git.o
    0x08001f68   0x08001f68   0x00000004   Code   RO          207    i.UsageFault_Handler  stm32f10x_it.o
    0x08001f6c   0x08001f6c   0x000000a0   Code   RO          727    i.Usart1_Init       usart.o
    0x0800200c   0x0800200c   0x00000094   Code   RO          600    i.Usart2_Init       usart2.o
    0x080020a0   0x080020a0   0x0000002c   Code   RO          501    i.W_Test            flash.o
    0x080020cc   0x080020cc   0x00000020   Code   RO         3788    i.__0printf         mc_w.l(printfa.o)
    0x080020ec   0x080020ec   0x00000028   Code   RO         3790    i.__0sprintf        mc_w.l(printfa.o)
    0x08002114   0x08002114   0x00000008   Code   RO         3894    i.__aeabi_errno_addr  mc_w.l(errno.o)
    0x0800211c   0x0800211c   0x0000000e   Code   RO         3965    i.__scatterload_copy  mc_w.l(handlers.o)
    0x0800212a   0x0800212a   0x00000002   Code   RO         3966    i.__scatterload_null  mc_w.l(handlers.o)
    0x0800212c   0x0800212c   0x0000000e   Code   RO         3967    i.__scatterload_zeroinit  mc_w.l(handlers.o)
    0x0800213a   0x0800213a   0x00000002   PAD
    0x0800213c   0x0800213c   0x00000184   Code   RO         3795    i._fp_digits        mc_w.l(printfa.o)
    0x080022c0   0x080022c0   0x000006dc   Code   RO         3796    i._printf_core      mc_w.l(printfa.o)
    0x0800299c   0x0800299c   0x00000024   Code   RO         3797    i._printf_post_padding  mc_w.l(printfa.o)
    0x080029c0   0x080029c0   0x0000002e   Code   RO         3798    i._printf_pre_padding  mc_w.l(printfa.o)
    0x080029ee   0x080029ee   0x0000000a   Code   RO         3800    i._sputc            mc_w.l(printfa.o)
    0x080029f8   0x080029f8   0x00000044   Code   RO          662    i.delay_init        delay.o
    0x08002a3c   0x08002a3c   0x0000004c   Code   RO          663    i.delay_ms          delay.o
    0x08002a88   0x08002a88   0x0000001c   Code   RO          733    i.fputc             usart.o
    0x08002aa4   0x08002aa4   0x00000034   Code   RO            4    i.main              main.o
    0x08002ad8   0x08002ad8   0x00000058   Code   RO         3379    i.massage_speak     git.o
    0x08002b30   0x08002b30   0x0000000c   Code   RO            5    i.task1             main.o
    0x08002b3c   0x08002b3c   0x00000028   Code   RO            6    i.task2             main.o
    0x08002b64   0x08002b64   0x00000020   Code   RO         3437    i.timer_init        task.o
    0x08002b84   0x08002b84   0x00000040   Code   RO         3438    i.timer_loop        task.o
    0x08002bc4   0x08002bc4   0x0000002c   Code   RO         3439    i.timer_start       task.o
    0x08002bf0   0x08002bf0   0x00000024   Code   RO         3440    i.timer_stop        task.o
    0x08002c14   0x08002c14   0x00000010   Code   RO         3441    i.timer_ticks       task.o
    0x08002c24   0x08002c24   0x00000024   Code   RO          502    i.waitForFlashBSY   flash.o
    0x08002c48   0x08002c48   0x00000081   Data   RO         3925    .constdata          mc_w.l(ctype_o.o)
    0x08002cc9   0x08002cc9   0x00000003   PAD
    0x08002ccc   0x08002ccc   0x00000004   Data   RO         3926    .constdata          mc_w.l(ctype_o.o)
    0x08002cd0   0x08002cd0   0x00000020   Data   RO         3963    Region$$Table       anon$$obj.o


    Execution Region ER_RW (Exec base: 0x20000000, Load base: 0x08002cf0, Size: 0x00000bf4, Max: 0xffffffff, ABSOLUTE, COMPRESSED[0x000007f8])

    Exec Addr    Load Addr    Size         Type   Attr      Idx    E Section Name        Object

    0x20000000   COMPRESSED   0x00000014   Data   RW          292    .data               system_stm32f10x.o
    0x20000014   COMPRESSED   0x00000001   Data   RW          345    .data               key.o
    0x20000015   COMPRESSED   0x00000003   PAD
    0x20000018   COMPRESSED   0x00000b84   Data   RW          386    .data               oled.o
    0x20000b9c   COMPRESSED   0x00000008   Data   RW          504    .data               flash.o
    0x20000ba4   COMPRESSED   0x00000001   Data   RW          552    .data               motor.o
    0x20000ba5   COMPRESSED   0x00000001   PAD
    0x20000ba6   COMPRESSED   0x00000003   Data   RW          603    .data               usart2.o
    0x20000ba9   COMPRESSED   0x00000001   PAD
    0x20000baa   COMPRESSED   0x00000004   Data   RW          665    .data               delay.o
    0x20000bae   COMPRESSED   0x00000002   PAD
    0x20000bb0   COMPRESSED   0x00000006   Data   RW          735    .data               usart.o
    0x20000bb6   COMPRESSED   0x00000014   Data   RW         2402    .data               stm32f10x_rcc.o
    0x20000bca   COMPRESSED   0x0000000e   Data   RW         3381    .data               git.o
    0x20000bd8   COMPRESSED   0x00000008   Data   RW         3442    .data               task.o
    0x20000be0   COMPRESSED   0x0000000d   Data   RW         3482    .data               timer.o
    0x20000bed   COMPRESSED   0x00000003   PAD
    0x20000bf0   COMPRESSED   0x00000004   Data   RW         3897    .data               mc_w.l(errno.o)


    Execution Region ER_ZI (Exec base: 0x20000bf4, Load base: 0x080034e8, Size: 0x0000270c, Max: 0xffffffff, ABSOLUTE)

    Exec Addr    Load Addr    Size         Type   Attr      Idx    E Section Name        Object

    0x20000bf4        -       0x00000830   Zero   RW            8    .bss                main.o
    0x20001424        -       0x00000800   Zero   RW          503    .bss                flash.o
    0x20001c24        -       0x00000a00   Zero   RW          602    .bss                usart2.o
    0x20002624        -       0x000000c8   Zero   RW          734    .bss                usart.o
    0x200026ec        -       0x00000814   Zero   RW         3380    .bss                git.o
    0x20002f00        -       0x00000400   Zero   RW          801    STACK               startup_stm32f10x_hd.o


==============================================================================

Image component sizes


      Code (inc. data)   RO Data    RW Data    ZI Data      Debug   Object Name

       144         22          0          4          0       1268   delay.o
       568         68          0          8       2048       4685   flash.o
       710        126          0         14       2068       7463   git.o
       224         12          0          1          0       1217   key.o
       100         18          0          0          0       1003   led.o
       288         54          0          0       2096     262150   main.o
       172         22          0          0          0       2145   misc.o
       308         22          0          1          0       2693   motor.o
       966         42          0       2948          0       6985   oled.o
        36          8        304          0       1024        808   startup_stm32f10x_hd.o
       458          6          0          0          0       5230   stm32f10x_gpio.o
        26          0          0          0          0       3902   stm32f10x_it.o
       276         32          0         20          0       4550   stm32f10x_rcc.o
       252         42          0          0          0       4238   stm32f10x_tim.o
       426          6          0          0          0       5704   stm32f10x_usart.o
         0          0          0          0          0         32   sys.o
       328         28          0         20          0       2197   system_stm32f10x.o
       192         28          0          8          0       3407   task.o
       554         42          0         13          0       4651   timer.o
       324         26          0          6        200       3794   usart.o
       446         90          0          3       2560       4170   usart2.o

    ----------------------------------------------------------------------
      6812        694        336       3056       9996     332292   Object Totals
         0          0         32          0          0          0   (incl. Generated)
        14          0          0         10          0          0   (incl. Padding)

    ----------------------------------------------------------------------

      Code (inc. data)   RO Data    RW Data    ZI Data      Debug   Library Member Name

        86          0          0          0          0          0   __dczerorl2.o
        28          0          0          0          0         68   _chval.o
       158          0          0          0          0         92   _strtoul.o
        26          0          0          0          0         80   atoi.o
         8          4        133          0          0         68   ctype_o.o
         0          0          0          0          0          0   entry.o
         0          0          0          0          0          0   entry10a.o
         0          0          0          0          0          0   entry11a.o
         8          4          0          0          0          0   entry2.o
         4          0          0          0          0          0   entry5.o
         0          0          0          0          0          0   entry7b.o
         0          0          0          0          0          0   entry8b.o
         8          4          0          0          0          0   entry9a.o
         8          4          0          4          0         68   errno.o
        30          0          0          0          0          0   handlers.o
        36          8          0          0          0         68   init.o
         0          0          0          0          0          0   iusefp.o
        30          0          0          0          0         68   llshl.o
        36          0          0          0          0         68   llsshr.o
        32          0          0          0          0         68   llushr.o
        36          0          0          0          0        108   memseta.o
      2308         96          0          0          0        604   printfa.o
        20          0          0          0          0         68   strchr.o
        36          0          0          0          0         80   strstr.o
       112          0          0          0          0         88   strtol.o
        44          0          0          0          0         80   uidiv.o
        98          0          0          0          0         92   uldiv.o
        48          0          0          0          0         68   cdrcmple.o
       334          0          0          0          0        148   dadd.o
       222          0          0          0          0        100   ddiv.o
       186          0          0          0          0        176   depilogue.o
        48          0          0          0          0         68   dfixul.o
       228          0          0          0          0         96   dmul.o

    ----------------------------------------------------------------------
      4220        120        136          4          0       2424   Library Totals
         2          0          3          0          0          0   (incl. Padding)

    ----------------------------------------------------------------------

      Code (inc. data)   RO Data    RW Data    ZI Data      Debug   Library Name

      3152        120        133          4          0       1768   mc_w.l
      1066          0          0          0          0        656   mf_w.l

    ----------------------------------------------------------------------
      4220        120        136          4          0       2424   Library Totals

    ----------------------------------------------------------------------

==============================================================================


      Code (inc. data)   RO Data    RW Data    ZI Data      Debug   

     11032        814        472       3060       9996     329124   Grand Totals
     11032        814        472       2040       9996     329124   ELF Image Totals (compressed)
     11032        814        472       2040          0          0   ROM Totals

==============================================================================

    Total RO  Size (Code + RO Data)                11504 (  11.23kB)
    Total RW  Size (RW Data + ZI Data)             13056 (  12.75kB)
    Total ROM Size (Code + RO Data + RW Data)      13544 (  13.23kB)

==============================================================================

